<?xml version="1.0" encoding="ISO-8859-1" ?>
<link_info>
   <banner>MSP430 Linker Unix v21.6.1.LTS</banner>
   <copyright>Copyright (c) 2003-2018 Texas Instruments Incorporated</copyright>
   <link_time>0x67fae59b</link_time>
   <link_errors>0x0</link_errors>
   <output_file>barbell-tracker.out</output_file>
   <entry_point>
      <name>_c_int00_noargs</name>
      <address>0x4400</address>
   </entry_point>
   <input_file_list>
      <input_file id="fl-1">
         <path>./</path>
         <kind>object</kind>
         <file>i2c.obj</file>
         <name>i2c.obj</name>
      </input_file>
      <input_file id="fl-2">
         <path>./</path>
         <kind>object</kind>
         <file>lcd.obj</file>
         <name>lcd.obj</name>
      </input_file>
      <input_file id="fl-3">
         <path>./</path>
         <kind>object</kind>
         <file>main.obj</file>
         <name>main.obj</name>
      </input_file>
      <input_file id="fl-4">
         <path>./</path>
         <kind>object</kind>
         <file>mpu6050.obj</file>
         <name>mpu6050.obj</name>
      </input_file>
      <input_file id="fl-5">
         <path>./</path>
         <kind>object</kind>
         <file>uart.obj</file>
         <name>uart.obj</name>
      </input_file>
      <input_file id="fl-b">
         <kind>object</kind>
         <file>&lt;internal&gt;</file>
         <name>&lt;internal&gt;</name>
      </input_file>
      <input_file id="fl-26">
         <path>/home/lawrence/ti/ccs1281/ccs/tools/compiler/ti-cgt-msp430_21.6.1.LTS/lib/</path>
         <kind>archive</kind>
         <file>rts430x_lc_rd_eabi.lib</file>
         <name>snprintf.c.obj</name>
      </input_file>
      <input_file id="fl-27">
         <path>/home/lawrence/ti/ccs1281/ccs/tools/compiler/ti-cgt-msp430_21.6.1.LTS/lib/</path>
         <kind>archive</kind>
         <file>rts430x_lc_rd_eabi.lib</file>
         <name>sprintf.c.obj</name>
      </input_file>
      <input_file id="fl-28">
         <path>/home/lawrence/ti/ccs1281/ccs/tools/compiler/ti-cgt-msp430_21.6.1.LTS/lib/</path>
         <kind>archive</kind>
         <file>rts430x_lc_rd_eabi.lib</file>
         <name>fs_itof.asm.obj</name>
      </input_file>
      <input_file id="fl-29">
         <path>/home/lawrence/ti/ccs1281/ccs/tools/compiler/ti-cgt-msp430_21.6.1.LTS/lib/</path>
         <kind>archive</kind>
         <file>rts430x_lc_rd_eabi.lib</file>
         <name>fs_mpy.asm.obj</name>
      </input_file>
      <input_file id="fl-2a">
         <path>/home/lawrence/ti/ccs1281/ccs/tools/compiler/ti-cgt-msp430_21.6.1.LTS/lib/</path>
         <kind>archive</kind>
         <file>rts430x_lc_rd_eabi.lib</file>
         <name>int41.asm.obj</name>
      </input_file>
      <input_file id="fl-2b">
         <path>/home/lawrence/ti/ccs1281/ccs/tools/compiler/ti-cgt-msp430_21.6.1.LTS/lib/</path>
         <kind>archive</kind>
         <file>rts430x_lc_rd_eabi.lib</file>
         <name>int42.asm.obj</name>
      </input_file>
      <input_file id="fl-2c">
         <path>/home/lawrence/ti/ccs1281/ccs/tools/compiler/ti-cgt-msp430_21.6.1.LTS/lib/</path>
         <kind>archive</kind>
         <file>rts430x_lc_rd_eabi.lib</file>
         <name>int43.asm.obj</name>
      </input_file>
      <input_file id="fl-2d">
         <path>/home/lawrence/ti/ccs1281/ccs/tools/compiler/ti-cgt-msp430_21.6.1.LTS/lib/</path>
         <kind>archive</kind>
         <file>rts430x_lc_rd_eabi.lib</file>
         <name>int44.asm.obj</name>
      </input_file>
      <input_file id="fl-2e">
         <path>/home/lawrence/ti/ccs1281/ccs/tools/compiler/ti-cgt-msp430_21.6.1.LTS/lib/</path>
         <kind>archive</kind>
         <file>rts430x_lc_rd_eabi.lib</file>
         <name>int45.asm.obj</name>
      </input_file>
      <input_file id="fl-2f">
         <path>/home/lawrence/ti/ccs1281/ccs/tools/compiler/ti-cgt-msp430_21.6.1.LTS/lib/</path>
         <kind>archive</kind>
         <file>rts430x_lc_rd_eabi.lib</file>
         <name>int46.asm.obj</name>
      </input_file>
      <input_file id="fl-30">
         <path>/home/lawrence/ti/ccs1281/ccs/tools/compiler/ti-cgt-msp430_21.6.1.LTS/lib/</path>
         <kind>archive</kind>
         <file>rts430x_lc_rd_eabi.lib</file>
         <name>int47.asm.obj</name>
      </input_file>
      <input_file id="fl-31">
         <path>/home/lawrence/ti/ccs1281/ccs/tools/compiler/ti-cgt-msp430_21.6.1.LTS/lib/</path>
         <kind>archive</kind>
         <file>rts430x_lc_rd_eabi.lib</file>
         <name>int48.asm.obj</name>
      </input_file>
      <input_file id="fl-32">
         <path>/home/lawrence/ti/ccs1281/ccs/tools/compiler/ti-cgt-msp430_21.6.1.LTS/lib/</path>
         <kind>archive</kind>
         <file>rts430x_lc_rd_eabi.lib</file>
         <name>int49.asm.obj</name>
      </input_file>
      <input_file id="fl-33">
         <path>/home/lawrence/ti/ccs1281/ccs/tools/compiler/ti-cgt-msp430_21.6.1.LTS/lib/</path>
         <kind>archive</kind>
         <file>rts430x_lc_rd_eabi.lib</file>
         <name>int50.asm.obj</name>
      </input_file>
      <input_file id="fl-34">
         <path>/home/lawrence/ti/ccs1281/ccs/tools/compiler/ti-cgt-msp430_21.6.1.LTS/lib/</path>
         <kind>archive</kind>
         <file>rts430x_lc_rd_eabi.lib</file>
         <name>int51.asm.obj</name>
      </input_file>
      <input_file id="fl-35">
         <path>/home/lawrence/ti/ccs1281/ccs/tools/compiler/ti-cgt-msp430_21.6.1.LTS/lib/</path>
         <kind>archive</kind>
         <file>rts430x_lc_rd_eabi.lib</file>
         <name>int52.asm.obj</name>
      </input_file>
      <input_file id="fl-36">
         <path>/home/lawrence/ti/ccs1281/ccs/tools/compiler/ti-cgt-msp430_21.6.1.LTS/lib/</path>
         <kind>archive</kind>
         <file>rts430x_lc_rd_eabi.lib</file>
         <name>int53.asm.obj</name>
      </input_file>
      <input_file id="fl-37">
         <path>/home/lawrence/ti/ccs1281/ccs/tools/compiler/ti-cgt-msp430_21.6.1.LTS/lib/</path>
         <kind>archive</kind>
         <file>rts430x_lc_rd_eabi.lib</file>
         <name>int54.asm.obj</name>
      </input_file>
      <input_file id="fl-38">
         <path>/home/lawrence/ti/ccs1281/ccs/tools/compiler/ti-cgt-msp430_21.6.1.LTS/lib/</path>
         <kind>archive</kind>
         <file>rts430x_lc_rd_eabi.lib</file>
         <name>int55.asm.obj</name>
      </input_file>
      <input_file id="fl-39">
         <path>/home/lawrence/ti/ccs1281/ccs/tools/compiler/ti-cgt-msp430_21.6.1.LTS/lib/</path>
         <kind>archive</kind>
         <file>rts430x_lc_rd_eabi.lib</file>
         <name>int56.asm.obj</name>
      </input_file>
      <input_file id="fl-3a">
         <path>/home/lawrence/ti/ccs1281/ccs/tools/compiler/ti-cgt-msp430_21.6.1.LTS/lib/</path>
         <kind>archive</kind>
         <file>rts430x_lc_rd_eabi.lib</file>
         <name>int57.asm.obj</name>
      </input_file>
      <input_file id="fl-3b">
         <path>/home/lawrence/ti/ccs1281/ccs/tools/compiler/ti-cgt-msp430_21.6.1.LTS/lib/</path>
         <kind>archive</kind>
         <file>rts430x_lc_rd_eabi.lib</file>
         <name>int58.asm.obj</name>
      </input_file>
      <input_file id="fl-3c">
         <path>/home/lawrence/ti/ccs1281/ccs/tools/compiler/ti-cgt-msp430_21.6.1.LTS/lib/</path>
         <kind>archive</kind>
         <file>rts430x_lc_rd_eabi.lib</file>
         <name>int59.asm.obj</name>
      </input_file>
      <input_file id="fl-3d">
         <path>/home/lawrence/ti/ccs1281/ccs/tools/compiler/ti-cgt-msp430_21.6.1.LTS/lib/</path>
         <kind>archive</kind>
         <file>rts430x_lc_rd_eabi.lib</file>
         <name>int60.asm.obj</name>
      </input_file>
      <input_file id="fl-3e">
         <path>/home/lawrence/ti/ccs1281/ccs/tools/compiler/ti-cgt-msp430_21.6.1.LTS/lib/</path>
         <kind>archive</kind>
         <file>rts430x_lc_rd_eabi.lib</file>
         <name>int61.asm.obj</name>
      </input_file>
      <input_file id="fl-3f">
         <path>/home/lawrence/ti/ccs1281/ccs/tools/compiler/ti-cgt-msp430_21.6.1.LTS/lib/</path>
         <kind>archive</kind>
         <file>rts430x_lc_rd_eabi.lib</file>
         <name>int62.asm.obj</name>
      </input_file>
      <input_file id="fl-40">
         <path>/home/lawrence/ti/ccs1281/ccs/tools/compiler/ti-cgt-msp430_21.6.1.LTS/lib/</path>
         <kind>archive</kind>
         <file>rts430x_lc_rd_eabi.lib</file>
         <name>isr_trap.asm.obj</name>
      </input_file>
      <input_file id="fl-41">
         <path>/home/lawrence/ti/ccs1281/ccs/tools/compiler/ti-cgt-msp430_21.6.1.LTS/lib/</path>
         <kind>archive</kind>
         <file>rts430x_lc_rd_eabi.lib</file>
         <name>mult16_f5hw.asm.obj</name>
      </input_file>
      <input_file id="fl-42">
         <path>/home/lawrence/ti/ccs1281/ccs/tools/compiler/ti-cgt-msp430_21.6.1.LTS/lib/</path>
         <kind>archive</kind>
         <file>rts430x_lc_rd_eabi.lib</file>
         <name>mult1632_f5hw.asm.obj</name>
      </input_file>
      <input_file id="fl-43">
         <path>/home/lawrence/ti/ccs1281/ccs/tools/compiler/ti-cgt-msp430_21.6.1.LTS/lib/</path>
         <kind>archive</kind>
         <file>rts430x_lc_rd_eabi.lib</file>
         <name>mult32_f5hw.asm.obj</name>
      </input_file>
      <input_file id="fl-44">
         <path>/home/lawrence/ti/ccs1281/ccs/tools/compiler/ti-cgt-msp430_21.6.1.LTS/lib/</path>
         <kind>archive</kind>
         <file>rts430x_lc_rd_eabi.lib</file>
         <name>mult3264_f5hw.asm.obj</name>
      </input_file>
      <input_file id="fl-45">
         <path>/home/lawrence/ti/ccs1281/ccs/tools/compiler/ti-cgt-msp430_21.6.1.LTS/lib/</path>
         <kind>archive</kind>
         <file>rts430x_lc_rd_eabi.lib</file>
         <name>mult64_f5hw.asm.obj</name>
      </input_file>
      <input_file id="fl-46">
         <path>/home/lawrence/ti/ccs1281/ccs/tools/compiler/ti-cgt-msp430_21.6.1.LTS/lib/</path>
         <kind>archive</kind>
         <file>rts430x_lc_rd_eabi.lib</file>
         <name>boot.c.obj</name>
      </input_file>
      <input_file id="fl-47">
         <path>/home/lawrence/ti/ccs1281/ccs/tools/compiler/ti-cgt-msp430_21.6.1.LTS/lib/</path>
         <kind>archive</kind>
         <file>rts430x_lc_rd_eabi.lib</file>
         <name>autoinit.c.obj</name>
      </input_file>
      <input_file id="fl-48">
         <path>/home/lawrence/ti/ccs1281/ccs/tools/compiler/ti-cgt-msp430_21.6.1.LTS/lib/</path>
         <kind>archive</kind>
         <file>rts430x_lc_rd_eabi.lib</file>
         <name>copy_zero_init.c.obj</name>
      </input_file>
      <input_file id="fl-49">
         <path>/home/lawrence/ti/ccs1281/ccs/tools/compiler/ti-cgt-msp430_21.6.1.LTS/lib/</path>
         <kind>archive</kind>
         <file>rts430x_lc_rd_eabi.lib</file>
         <name>cpy_tbl.c.obj</name>
      </input_file>
      <input_file id="fl-4a">
         <path>/home/lawrence/ti/ccs1281/ccs/tools/compiler/ti-cgt-msp430_21.6.1.LTS/lib/</path>
         <kind>archive</kind>
         <file>rts430x_lc_rd_eabi.lib</file>
         <name>mpu_init.c.obj</name>
      </input_file>
      <input_file id="fl-4b">
         <path>/home/lawrence/ti/ccs1281/ccs/tools/compiler/ti-cgt-msp430_21.6.1.LTS/lib/</path>
         <kind>archive</kind>
         <file>rts430x_lc_rd_eabi.lib</file>
         <name>pre_init.c.obj</name>
      </input_file>
      <input_file id="fl-4c">
         <path>/home/lawrence/ti/ccs1281/ccs/tools/compiler/ti-cgt-msp430_21.6.1.LTS/lib/</path>
         <kind>archive</kind>
         <file>rts430x_lc_rd_eabi.lib</file>
         <name>startup.c.obj</name>
      </input_file>
      <input_file id="fl-4d">
         <path>/home/lawrence/ti/ccs1281/ccs/tools/compiler/ti-cgt-msp430_21.6.1.LTS/lib/</path>
         <kind>archive</kind>
         <file>rts430x_lc_rd_eabi.lib</file>
         <name>copy_decompress_none.c.obj</name>
      </input_file>
      <input_file id="fl-4e">
         <path>/home/lawrence/ti/ccs1281/ccs/tools/compiler/ti-cgt-msp430_21.6.1.LTS/lib/</path>
         <kind>archive</kind>
         <file>rts430x_lc_rd_eabi.lib</file>
         <name>copy_decompress_lzss.c.obj</name>
      </input_file>
      <input_file id="fl-4f">
         <path>/home/lawrence/ti/ccs1281/ccs/tools/compiler/ti-cgt-msp430_21.6.1.LTS/lib/</path>
         <kind>archive</kind>
         <file>rts430x_lc_rd_eabi.lib</file>
         <name>cvtfd.c.obj</name>
      </input_file>
      <input_file id="fl-50">
         <path>/home/lawrence/ti/ccs1281/ccs/tools/compiler/ti-cgt-msp430_21.6.1.LTS/lib/</path>
         <kind>archive</kind>
         <file>rts430x_lc_rd_eabi.lib</file>
         <name>exit.c.obj</name>
      </input_file>
      <input_file id="fl-51">
         <path>/home/lawrence/ti/ccs1281/ccs/tools/compiler/ti-cgt-msp430_21.6.1.LTS/lib/</path>
         <kind>archive</kind>
         <file>rts430x_lc_rd_eabi.lib</file>
         <name>_lock.c.obj</name>
      </input_file>
      <input_file id="fl-52">
         <path>/home/lawrence/ti/ccs1281/ccs/tools/compiler/ti-cgt-msp430_21.6.1.LTS/lib/</path>
         <kind>archive</kind>
         <file>rts430x_lc_rd_eabi.lib</file>
         <name>args_main.c.obj</name>
      </input_file>
      <input_file id="fl-53">
         <path>/home/lawrence/ti/ccs1281/ccs/tools/compiler/ti-cgt-msp430_21.6.1.LTS/lib/</path>
         <kind>archive</kind>
         <file>rts430x_lc_rd_eabi.lib</file>
         <name>memcpy.c.obj</name>
      </input_file>
      <input_file id="fl-54">
         <path>/home/lawrence/ti/ccs1281/ccs/tools/compiler/ti-cgt-msp430_21.6.1.LTS/lib/</path>
         <kind>archive</kind>
         <file>rts430x_lc_rd_eabi.lib</file>
         <name>_printfi.c.obj</name>
      </input_file>
      <input_file id="fl-55">
         <path>/home/lawrence/ti/ccs1281/ccs/tools/compiler/ti-cgt-msp430_21.6.1.LTS/lib/</path>
         <kind>archive</kind>
         <file>rts430x_lc_rd_eabi.lib</file>
         <name>s_frexp.c.obj</name>
      </input_file>
      <input_file id="fl-56">
         <path>/home/lawrence/ti/ccs1281/ccs/tools/compiler/ti-cgt-msp430_21.6.1.LTS/lib/</path>
         <kind>archive</kind>
         <file>rts430x_lc_rd_eabi.lib</file>
         <name>s_scalbn.c.obj</name>
      </input_file>
      <input_file id="fl-57">
         <path>/home/lawrence/ti/ccs1281/ccs/tools/compiler/ti-cgt-msp430_21.6.1.LTS/lib/</path>
         <kind>archive</kind>
         <file>rts430x_lc_rd_eabi.lib</file>
         <name>s_copysign.c.obj</name>
      </input_file>
      <input_file id="fl-58">
         <path>/home/lawrence/ti/ccs1281/ccs/tools/compiler/ti-cgt-msp430_21.6.1.LTS/lib/</path>
         <kind>archive</kind>
         <file>rts430x_lc_rd_eabi.lib</file>
         <name>wcslen.c.obj</name>
      </input_file>
      <input_file id="fl-59">
         <path>/home/lawrence/ti/ccs1281/ccs/tools/compiler/ti-cgt-msp430_21.6.1.LTS/lib/</path>
         <kind>archive</kind>
         <file>rts430x_lc_rd_eabi.lib</file>
         <name>asr32.asm.obj</name>
      </input_file>
      <input_file id="fl-5a">
         <path>/home/lawrence/ti/ccs1281/ccs/tools/compiler/ti-cgt-msp430_21.6.1.LTS/lib/</path>
         <kind>archive</kind>
         <file>rts430x_lc_rd_eabi.lib</file>
         <name>div16u.asm.obj</name>
      </input_file>
      <input_file id="fl-5b">
         <path>/home/lawrence/ti/ccs1281/ccs/tools/compiler/ti-cgt-msp430_21.6.1.LTS/lib/</path>
         <kind>archive</kind>
         <file>rts430x_lc_rd_eabi.lib</file>
         <name>div32u.asm.obj</name>
      </input_file>
      <input_file id="fl-5c">
         <path>/home/lawrence/ti/ccs1281/ccs/tools/compiler/ti-cgt-msp430_21.6.1.LTS/lib/</path>
         <kind>archive</kind>
         <file>rts430x_lc_rd_eabi.lib</file>
         <name>mult16.asm.obj</name>
      </input_file>
      <input_file id="fl-5d">
         <path>/home/lawrence/ti/ccs1281/ccs/tools/compiler/ti-cgt-msp430_21.6.1.LTS/lib/</path>
         <kind>archive</kind>
         <file>rts430x_lc_rd_eabi.lib</file>
         <name>exit_gvars.c.obj</name>
      </input_file>
      <input_file id="fl-5e">
         <path>/home/lawrence/ti/ccs1281/ccs/tools/compiler/ti-cgt-msp430_21.6.1.LTS/lib/</path>
         <kind>archive</kind>
         <file>rts430x_lc_rd_eabi.lib</file>
         <name>lsr64.c.obj</name>
      </input_file>
      <input_file id="fl-5f">
         <path>/home/lawrence/ti/ccs1281/ccs/tools/compiler/ti-cgt-msp430_21.6.1.LTS/lib/</path>
         <kind>archive</kind>
         <file>rts430x_lc_rd_eabi.lib</file>
         <name>div64u.c.obj</name>
      </input_file>
      <input_file id="fl-60">
         <path>/home/lawrence/ti/ccs1281/ccs/tools/compiler/ti-cgt-msp430_21.6.1.LTS/lib/</path>
         <kind>archive</kind>
         <file>rts430x_lc_rd_eabi.lib</file>
         <name>addd.c.obj</name>
      </input_file>
      <input_file id="fl-61">
         <path>/home/lawrence/ti/ccs1281/ccs/tools/compiler/ti-cgt-msp430_21.6.1.LTS/lib/</path>
         <kind>archive</kind>
         <file>rts430x_lc_rd_eabi.lib</file>
         <name>cmpd.c.obj</name>
      </input_file>
      <input_file id="fl-62">
         <path>/home/lawrence/ti/ccs1281/ccs/tools/compiler/ti-cgt-msp430_21.6.1.LTS/lib/</path>
         <kind>archive</kind>
         <file>rts430x_lc_rd_eabi.lib</file>
         <name>divd.c.obj</name>
      </input_file>
      <input_file id="fl-63">
         <path>/home/lawrence/ti/ccs1281/ccs/tools/compiler/ti-cgt-msp430_21.6.1.LTS/lib/</path>
         <kind>archive</kind>
         <file>rts430x_lc_rd_eabi.lib</file>
         <name>fixdi.c.obj</name>
      </input_file>
      <input_file id="fl-64">
         <path>/home/lawrence/ti/ccs1281/ccs/tools/compiler/ti-cgt-msp430_21.6.1.LTS/lib/</path>
         <kind>archive</kind>
         <file>rts430x_lc_rd_eabi.lib</file>
         <name>fixdli.c.obj</name>
      </input_file>
      <input_file id="fl-65">
         <path>/home/lawrence/ti/ccs1281/ccs/tools/compiler/ti-cgt-msp430_21.6.1.LTS/lib/</path>
         <kind>archive</kind>
         <file>rts430x_lc_rd_eabi.lib</file>
         <name>fltid.c.obj</name>
      </input_file>
      <input_file id="fl-66">
         <path>/home/lawrence/ti/ccs1281/ccs/tools/compiler/ti-cgt-msp430_21.6.1.LTS/lib/</path>
         <kind>archive</kind>
         <file>rts430x_lc_rd_eabi.lib</file>
         <name>fltlid.c.obj</name>
      </input_file>
      <input_file id="fl-67">
         <path>/home/lawrence/ti/ccs1281/ccs/tools/compiler/ti-cgt-msp430_21.6.1.LTS/lib/</path>
         <kind>archive</kind>
         <file>rts430x_lc_rd_eabi.lib</file>
         <name>frcdivd.c.obj</name>
      </input_file>
      <input_file id="fl-68">
         <path>/home/lawrence/ti/ccs1281/ccs/tools/compiler/ti-cgt-msp430_21.6.1.LTS/lib/</path>
         <kind>archive</kind>
         <file>rts430x_lc_rd_eabi.lib</file>
         <name>mpyd.c.obj</name>
      </input_file>
      <input_file id="fl-69">
         <path>/home/lawrence/ti/ccs1281/ccs/tools/compiler/ti-cgt-msp430_21.6.1.LTS/lib/</path>
         <kind>archive</kind>
         <file>rts430x_lc_rd_eabi.lib</file>
         <name>negd.c.obj</name>
      </input_file>
      <input_file id="fl-6a">
         <path>/home/lawrence/ti/ccs1281/ccs/tools/compiler/ti-cgt-msp430_21.6.1.LTS/lib/</path>
         <kind>archive</kind>
         <file>rts430x_lc_rd_eabi.lib</file>
         <name>subd.c.obj</name>
      </input_file>
      <input_file id="fl-6b">
         <path>/home/lawrence/ti/ccs1281/ccs/tools/compiler/ti-cgt-msp430_21.6.1.LTS/lib/</path>
         <kind>archive</kind>
         <file>rts430x_lc_rd_eabi.lib</file>
         <name>_ltoa.c.obj</name>
      </input_file>
      <input_file id="fl-6c">
         <path>/home/lawrence/ti/ccs1281/ccs/tools/compiler/ti-cgt-msp430_21.6.1.LTS/lib/</path>
         <kind>archive</kind>
         <file>rts430x_lc_rd_eabi.lib</file>
         <name>atoi.c.obj</name>
      </input_file>
      <input_file id="fl-6d">
         <path>/home/lawrence/ti/ccs1281/ccs/tools/compiler/ti-cgt-msp430_21.6.1.LTS/lib/</path>
         <kind>archive</kind>
         <file>rts430x_lc_rd_eabi.lib</file>
         <name>ctype.c.obj</name>
      </input_file>
      <input_file id="fl-6e">
         <path>/home/lawrence/ti/ccs1281/ccs/tools/compiler/ti-cgt-msp430_21.6.1.LTS/lib/</path>
         <kind>archive</kind>
         <file>rts430x_lc_rd_eabi.lib</file>
         <name>memccpy.c.obj</name>
      </input_file>
      <input_file id="fl-6f">
         <path>/home/lawrence/ti/ccs1281/ccs/tools/compiler/ti-cgt-msp430_21.6.1.LTS/lib/</path>
         <kind>archive</kind>
         <file>rts430x_lc_rd_eabi.lib</file>
         <name>memset.c.obj</name>
      </input_file>
      <input_file id="fl-70">
         <path>/home/lawrence/ti/ccs1281/ccs/tools/compiler/ti-cgt-msp430_21.6.1.LTS/lib/</path>
         <kind>archive</kind>
         <file>rts430x_lc_rd_eabi.lib</file>
         <name>strchr.c.obj</name>
      </input_file>
      <input_file id="fl-71">
         <path>/home/lawrence/ti/ccs1281/ccs/tools/compiler/ti-cgt-msp430_21.6.1.LTS/lib/</path>
         <kind>archive</kind>
         <file>rts430x_lc_rd_eabi.lib</file>
         <name>strlen.c.obj</name>
      </input_file>
      <input_file id="fl-72">
         <path>/home/lawrence/ti/ccs1281/ccs/tools/compiler/ti-cgt-msp430_21.6.1.LTS/lib/</path>
         <kind>archive</kind>
         <file>rts430x_lc_rd_eabi.lib</file>
         <name>toupper.c.obj</name>
      </input_file>
      <input_file id="fl-73">
         <path>/home/lawrence/ti/ccs1281/ccs/tools/compiler/ti-cgt-msp430_21.6.1.LTS/lib/</path>
         <kind>archive</kind>
         <file>rts430x_lc_rd_eabi.lib</file>
         <name>abs.c.obj</name>
      </input_file>
      <input_file id="fl-74">
         <path>/home/lawrence/ti/ccs1281/ccs/tools/compiler/ti-cgt-msp430_21.6.1.LTS/lib/</path>
         <kind>archive</kind>
         <file>rts430x_lc_rd_eabi.lib</file>
         <name>errno.c.obj</name>
      </input_file>
      <input_file id="fl-75">
         <path>/home/lawrence/ti/ccs1281/ccs/tools/compiler/ti-cgt-msp430_21.6.1.LTS/lib/</path>
         <kind>archive</kind>
         <file>rts430x_lc_rd_eabi.lib</file>
         <name>div32s.asm.obj</name>
      </input_file>
      <input_file id="fl-76">
         <path>/home/lawrence/ti/ccs1281/ccs/tools/compiler/ti-cgt-msp430_21.6.1.LTS/lib/</path>
         <kind>archive</kind>
         <file>rts430x_lc_rd_eabi.lib</file>
         <name>lsl32.asm.obj</name>
      </input_file>
      <input_file id="fl-77">
         <path>/home/lawrence/ti/ccs1281/ccs/tools/compiler/ti-cgt-msp430_21.6.1.LTS/lib/</path>
         <kind>archive</kind>
         <file>rts430x_lc_rd_eabi.lib</file>
         <name>lsr32.asm.obj</name>
      </input_file>
      <input_file id="fl-78">
         <path>/home/lawrence/ti/ccs1281/ccs/tools/compiler/ti-cgt-msp430_21.6.1.LTS/lib/</path>
         <kind>archive</kind>
         <file>rts430x_lc_rd_eabi.lib</file>
         <name>mult32.asm.obj</name>
      </input_file>
      <input_file id="fl-79">
         <path>/home/lawrence/ti/ccs1281/ccs/tools/compiler/ti-cgt-msp430_21.6.1.LTS/lib/</path>
         <kind>archive</kind>
         <file>rts430x_lc_rd_eabi.lib</file>
         <name>asr64.c.obj</name>
      </input_file>
      <input_file id="fl-7a">
         <path>/home/lawrence/ti/ccs1281/ccs/tools/compiler/ti-cgt-msp430_21.6.1.LTS/lib/</path>
         <kind>archive</kind>
         <file>rts430x_lc_rd_eabi.lib</file>
         <name>lsl64.c.obj</name>
      </input_file>
      <input_file id="fl-7b">
         <path>/home/lawrence/ti/ccs1281/ccs/tools/compiler/ti-cgt-msp430_21.6.1.LTS/lib/</path>
         <kind>archive</kind>
         <file>rts430x_lc_rd_eabi.lib</file>
         <name>frcmpyd.c.obj</name>
      </input_file>
      <input_file id="fl-7c">
         <path>/home/lawrence/ti/ccs1281/ccs/tools/compiler/ti-cgt-msp430_21.6.1.LTS/lib/</path>
         <kind>archive</kind>
         <file>rts430x_lc_rd_eabi.lib</file>
         <name>mult3264.asm.obj</name>
      </input_file>
      <input_file id="fl-7d">
         <path>/home/lawrence/ti/ccs1281/ccs/tools/compiler/ti-cgt-msp430_21.6.1.LTS/lib/</path>
         <kind>archive</kind>
         <file>rts430x_lc_rd_eabi.lib</file>
         <name>mult64.asm.obj</name>
      </input_file>
      <input_file id="fl-7e">
         <path>/home/lawrence/ti/ccs1281/ccs/tools/compiler/ti-cgt-msp430_21.6.1.LTS/lib/</path>
         <kind>archive</kind>
         <file>rts430x_lc_rd_eabi.lib</file>
         <name>mult1632.asm.obj</name>
      </input_file>
   </input_file_list>
   <object_component_list>
      <object_component id="oc-625">
         <name>.data</name>
         <load_address>0x2400</load_address>
         <run_address>0x2400</run_address>
         <size>0x2</size>
         <input_file_ref idref="fl-74"/>
      </object_component>
      <object_component id="oc-36b">
         <name>.stack</name>
         <uninitialized>true</uninitialized>
         <run_address>0x4360</run_address>
         <size>0x4</size>
         <input_file_ref idref="fl-46"/>
      </object_component>
      <object_component id="oc-84f">
         <name>.stack</name>
         <uninitialized>true</uninitialized>
         <run_address>0x4360</run_address>
         <size>0x0</size>
      </object_component>
      <object_component id="oc-78e">
         <name>.text:__mspabi_addd</name>
         <load_address>0x10000</load_address>
         <run_address>0x10000</run_address>
         <size>0x72a</size>
         <input_file_ref idref="fl-60"/>
      </object_component>
      <object_component id="oc-754">
         <name>.text:__TI_frcdivd</name>
         <load_address>0x1072a</load_address>
         <run_address>0x1072a</run_address>
         <size>0x468</size>
         <input_file_ref idref="fl-67"/>
      </object_component>
      <object_component id="oc-6ad">
         <name>.text:__mspabi_divull</name>
         <load_address>0x10b92</load_address>
         <run_address>0x10b92</run_address>
         <size>0x34e</size>
         <input_file_ref idref="fl-5f"/>
      </object_component>
      <object_component id="oc-552">
         <name>.text:__TI_printfi:__TI_printfi</name>
         <load_address>0x10ee0</load_address>
         <run_address>0x10ee0</run_address>
         <size>0x2a6</size>
         <input_file_ref idref="fl-54"/>
      </object_component>
      <object_component id="oc-6eb">
         <name>.text:__mspabi_mpyd</name>
         <load_address>0x11186</load_address>
         <run_address>0x11186</run_address>
         <size>0x292</size>
         <input_file_ref idref="fl-68"/>
      </object_component>
      <object_component id="oc-5d2">
         <name>.text:__TI_printfi:_setfield___TI_printfi</name>
         <load_address>0x11418</load_address>
         <run_address>0x11418</run_address>
         <size>0x27a</size>
         <input_file_ref idref="fl-54"/>
      </object_component>
      <object_component id="oc-630">
         <name>.text:_pproc_fgea</name>
         <load_address>0x11692</load_address>
         <run_address>0x11692</run_address>
         <size>0x268</size>
         <input_file_ref idref="fl-54"/>
      </object_component>
      <object_component id="oc-6fe">
         <name>.text:acvt</name>
         <load_address>0x118fa</load_address>
         <run_address>0x118fa</run_address>
         <size>0x224</size>
         <input_file_ref idref="fl-54"/>
      </object_component>
      <object_component id="oc-6f1">
         <name>.text:__mspabi_divd</name>
         <load_address>0x11b1e</load_address>
         <run_address>0x11b1e</run_address>
         <size>0x21c</size>
         <input_file_ref idref="fl-62"/>
      </object_component>
      <object_component id="oc-665">
         <name>.text:__TI_printfi:_getarg_diouxp___TI_printfi</name>
         <load_address>0x11d3a</load_address>
         <run_address>0x11d3a</run_address>
         <size>0x206</size>
         <input_file_ref idref="fl-54"/>
      </object_component>
      <object_component id="oc-6cb">
         <name>.text:ecvt</name>
         <load_address>0x11f40</load_address>
         <run_address>0x11f40</run_address>
         <size>0x1e6</size>
         <input_file_ref idref="fl-54"/>
      </object_component>
      <object_component id="oc-6de">
         <name>.text:fcvt</name>
         <load_address>0x12126</load_address>
         <run_address>0x12126</run_address>
         <size>0x1c8</size>
         <input_file_ref idref="fl-54"/>
      </object_component>
      <object_component id="oc-68a">
         <name>.text:_pconv_e</name>
         <load_address>0x122ee</load_address>
         <run_address>0x122ee</run_address>
         <size>0x1a2</size>
         <input_file_ref idref="fl-54"/>
      </object_component>
      <object_component id="oc-690">
         <name>.text:_pconv_a</name>
         <load_address>0x12490</load_address>
         <run_address>0x12490</run_address>
         <size>0x170</size>
         <input_file_ref idref="fl-54"/>
      </object_component>
      <object_component id="oc-74c">
         <name>.text:__TI_frcmpyd</name>
         <load_address>0x12600</load_address>
         <run_address>0x12600</run_address>
         <size>0x164</size>
         <input_file_ref idref="fl-7b"/>
      </object_component>
      <object_component id="oc-763">
         <name>.text:scalbn</name>
         <load_address>0x12764</load_address>
         <run_address>0x12764</run_address>
         <size>0x15a</size>
         <input_file_ref idref="fl-56"/>
      </object_component>
      <object_component id="oc-62a">
         <name>.text:__TI_printfi:_pproc_diouxp___TI_printfi</name>
         <load_address>0x128be</load_address>
         <run_address>0x128be</run_address>
         <size>0x148</size>
         <input_file_ref idref="fl-54"/>
      </object_component>
      <object_component id="oc-66b">
         <name>.text:__TI_printfi:_ltostr___TI_printfi</name>
         <load_address>0x12a06</load_address>
         <run_address>0x12a06</run_address>
         <size>0x128</size>
         <input_file_ref idref="fl-54"/>
      </object_component>
      <object_component id="oc-67e">
         <name>.text:_pconv_g</name>
         <load_address>0x12b2e</load_address>
         <run_address>0x12b2e</run_address>
         <size>0xfc</size>
         <input_file_ref idref="fl-54"/>
      </object_component>
      <object_component id="oc-3e8">
         <name>.text:main</name>
         <load_address>0x12c2a</load_address>
         <run_address>0x12c2a</run_address>
         <size>0xfc</size>
         <input_file_ref idref="fl-3"/>
      </object_component>
      <object_component id="oc-5cc">
         <name>.text:__TI_printfi:_pproc_fwp___TI_printfi</name>
         <load_address>0x12d26</load_address>
         <run_address>0x12d26</run_address>
         <size>0xea</size>
         <input_file_ref idref="fl-54"/>
      </object_component>
      <object_component id="oc-696">
         <name>.text:__mspabi_cmpd</name>
         <load_address>0x12e10</load_address>
         <run_address>0x12e10</run_address>
         <size>0xd8</size>
         <input_file_ref idref="fl-61"/>
      </object_component>
      <object_component id="oc-5de">
         <name>.text:__TI_printfi:_pproc_wstr___TI_printfi</name>
         <load_address>0x12ee8</load_address>
         <run_address>0x12ee8</run_address>
         <size>0xc8</size>
         <input_file_ref idref="fl-54"/>
      </object_component>
      <object_component id="oc-4c1">
         <name>.text</name>
         <load_address>0x12fb0</load_address>
         <run_address>0x12fb0</run_address>
         <size>0xb8</size>
         <input_file_ref idref="fl-29"/>
      </object_component>
      <object_component id="oc-5d8">
         <name>.text:__TI_printfi:_pproc_str___TI_printfi</name>
         <load_address>0x13068</load_address>
         <run_address>0x13068</run_address>
         <size>0xa6</size>
         <input_file_ref idref="fl-54"/>
      </object_component>
      <object_component id="oc-6f8">
         <name>.text:frexp</name>
         <load_address>0x1310e</load_address>
         <run_address>0x1310e</run_address>
         <size>0xa6</size>
         <input_file_ref idref="fl-55"/>
      </object_component>
      <object_component id="oc-72f">
         <name>.text:__mspabi_fltlid</name>
         <load_address>0x131b4</load_address>
         <run_address>0x131b4</run_address>
         <size>0x9e</size>
         <input_file_ref idref="fl-66"/>
      </object_component>
      <object_component id="oc-410">
         <name>.text:lcd_init</name>
         <load_address>0x13252</load_address>
         <run_address>0x13252</run_address>
         <size>0x9e</size>
         <input_file_ref idref="fl-2"/>
      </object_component>
      <object_component id="oc-6d1">
         <name>.text:_ecpy</name>
         <load_address>0x132f0</load_address>
         <run_address>0x132f0</run_address>
         <size>0x90</size>
         <input_file_ref idref="fl-54"/>
      </object_component>
      <object_component id="oc-6d7">
         <name>.text:_mcpy</name>
         <load_address>0x13380</load_address>
         <run_address>0x13380</run_address>
         <size>0x90</size>
         <input_file_ref idref="fl-54"/>
      </object_component>
      <object_component id="oc-729">
         <name>.text:__TI_ltoa</name>
         <load_address>0x13410</load_address>
         <run_address>0x13410</run_address>
         <size>0x80</size>
         <input_file_ref idref="fl-6b"/>
      </object_component>
      <object_component id="oc-684">
         <name>.text:_pconv_f</name>
         <load_address>0x13490</load_address>
         <run_address>0x13490</run_address>
         <size>0x78</size>
         <input_file_ref idref="fl-54"/>
      </object_component>
      <object_component id="oc-6d">
         <name>.text:decompress:lzss:__TI_decompress_lzss</name>
         <load_address>0x13508</load_address>
         <run_address>0x13508</run_address>
         <size>0x76</size>
         <input_file_ref idref="fl-4e"/>
      </object_component>
      <object_component id="oc-43b">
         <name>.text:mpu6050_read_accel</name>
         <load_address>0x1357e</load_address>
         <run_address>0x1357e</run_address>
         <size>0x72</size>
         <input_file_ref idref="fl-4"/>
      </object_component>
      <object_component id="oc-723">
         <name>.text:__mspabi_fixdli</name>
         <load_address>0x135f0</load_address>
         <run_address>0x135f0</run_address>
         <size>0x66</size>
         <input_file_ref idref="fl-64"/>
      </object_component>
      <object_component id="oc-435">
         <name>.text:mpu6050_init</name>
         <load_address>0x13656</load_address>
         <run_address>0x13656</run_address>
         <size>0x66</size>
         <input_file_ref idref="fl-4"/>
      </object_component>
      <object_component id="oc-447">
         <name>.text:__mspabi_cvtfd</name>
         <load_address>0x136bc</load_address>
         <run_address>0x136bc</run_address>
         <size>0x64</size>
         <input_file_ref idref="fl-4f"/>
      </object_component>
      <object_component id="oc-610">
         <name>.text:atoi</name>
         <load_address>0x13720</load_address>
         <run_address>0x13720</run_address>
         <size>0x62</size>
         <input_file_ref idref="fl-6c"/>
      </object_component>
      <object_component id="oc-44d">
         <name>.text:snprintf</name>
         <load_address>0x13782</load_address>
         <run_address>0x13782</run_address>
         <size>0x62</size>
         <input_file_ref idref="fl-26"/>
      </object_component>
      <object_component id="oc-797">
         <name>.text:__mpyll</name>
         <load_address>0x137e4</load_address>
         <run_address>0x137e4</run_address>
         <size>0x5c</size>
         <input_file_ref idref="fl-45"/>
      </object_component>
      <object_component id="oc-6b3">
         <name>.text</name>
         <load_address>0x13840</load_address>
         <run_address>0x13840</run_address>
         <size>0x58</size>
         <input_file_ref idref="fl-5b"/>
      </object_component>
      <object_component id="oc-47f">
         <name>.text:__TI_auto_init_nobinit_nopinit_hold_wdt:__TI_auto_init_nobinit_nopinit_hold_wdt</name>
         <load_address>0x13898</load_address>
         <run_address>0x13898</run_address>
         <size>0x54</size>
         <input_file_ref idref="fl-47"/>
      </object_component>
      <object_component id="oc-6e4">
         <name>.text:_fcpy</name>
         <load_address>0x138ec</load_address>
         <run_address>0x138ec</run_address>
         <size>0x4e</size>
         <input_file_ref idref="fl-54"/>
      </object_component>
      <object_component id="oc-4ad">
         <name>.text:i2c_read_byte</name>
         <load_address>0x1393a</load_address>
         <run_address>0x1393a</run_address>
         <size>0x42</size>
         <input_file_ref idref="fl-1"/>
      </object_component>
      <object_component id="oc-7c6">
         <name>.text:__mspabi_srall</name>
         <load_address>0x1397c</load_address>
         <run_address>0x1397c</run_address>
         <size>0x40</size>
         <input_file_ref idref="fl-79"/>
      </object_component>
      <object_component id="oc-780">
         <name>.text</name>
         <load_address>0x139bc</load_address>
         <run_address>0x139bc</run_address>
         <size>0x40</size>
         <input_file_ref idref="fl-75"/>
      </object_component>
      <object_component id="oc-4c8">
         <name>.text:l_asr_const</name>
         <load_address>0x139fc</load_address>
         <run_address>0x139fc</run_address>
         <size>0x3e</size>
         <input_file_ref idref="fl-59"/>
      </object_component>
      <object_component id="oc-77a">
         <name>.text:l_lsl_const</name>
         <load_address>0x13a3a</load_address>
         <run_address>0x13a3a</run_address>
         <size>0x3e</size>
         <input_file_ref idref="fl-76"/>
      </object_component>
      <object_component id="oc-787">
         <name>.text:l_lsr_const</name>
         <load_address>0x13a78</load_address>
         <run_address>0x13a78</run_address>
         <size>0x3e</size>
         <input_file_ref idref="fl-77"/>
      </object_component>
      <object_component id="oc-712">
         <name>.text:__mspabi_sllll</name>
         <load_address>0x13ab6</load_address>
         <run_address>0x13ab6</run_address>
         <size>0x3a</size>
         <input_file_ref idref="fl-7a"/>
      </object_component>
      <object_component id="oc-6b8">
         <name>.text:__mspabi_srlll</name>
         <load_address>0x13af0</load_address>
         <run_address>0x13af0</run_address>
         <size>0x3a</size>
         <input_file_ref idref="fl-5e"/>
      </object_component>
      <object_component id="oc-428">
         <name>.text:i2c_write_byte</name>
         <load_address>0x13b2a</load_address>
         <run_address>0x13b2a</run_address>
         <size>0x38</size>
         <input_file_ref idref="fl-1"/>
      </object_component>
      <object_component id="oc-49a">
         <name>.text:lcd_send_nibble</name>
         <load_address>0x13b62</load_address>
         <run_address>0x13b62</run_address>
         <size>0x38</size>
         <input_file_ref idref="fl-2"/>
      </object_component>
      <object_component id="oc-4d3">
         <name>.text:_outs</name>
         <load_address>0x13b9a</load_address>
         <run_address>0x13b9a</run_address>
         <size>0x36</size>
         <input_file_ref idref="fl-26"/>
      </object_component>
      <object_component id="oc-4bc">
         <name>.text</name>
         <load_address>0x13bd0</load_address>
         <run_address>0x13bd0</run_address>
         <size>0x36</size>
         <input_file_ref idref="fl-28"/>
      </object_component>
      <object_component id="oc-735">
         <name>.text:__mspabi_subd</name>
         <load_address>0x13c06</load_address>
         <run_address>0x13c06</run_address>
         <size>0x32</size>
         <input_file_ref idref="fl-6a"/>
      </object_component>
      <object_component id="oc-422">
         <name>.text:i2c_init</name>
         <load_address>0x13c38</load_address>
         <run_address>0x13c38</run_address>
         <size>0x30</size>
         <input_file_ref idref="fl-1"/>
      </object_component>
      <object_component id="oc-678">
         <name>.text:__mspabi_negd</name>
         <load_address>0x13c68</load_address>
         <run_address>0x13c68</run_address>
         <size>0x2e</size>
         <input_file_ref idref="fl-69"/>
      </object_component>
      <object_component id="oc-7b4">
         <name>.text:copysign</name>
         <load_address>0x13c96</load_address>
         <run_address>0x13c96</run_address>
         <size>0x2e</size>
         <input_file_ref idref="fl-57"/>
      </object_component>
      <object_component id="oc-79c">
         <name>.text:__mpyull</name>
         <load_address>0x13cc4</load_address>
         <run_address>0x13cc4</run_address>
         <size>0x2c</size>
         <input_file_ref idref="fl-44"/>
      </object_component>
      <object_component id="oc-4a0">
         <name>.text:lcd_command</name>
         <load_address>0x13cf0</load_address>
         <run_address>0x13cf0</run_address>
         <size>0x2a</size>
         <input_file_ref idref="fl-2"/>
      </object_component>
      <object_component id="oc-4ec">
         <name>.text:lcd_data</name>
         <load_address>0x13d1a</load_address>
         <run_address>0x13d1a</run_address>
         <size>0x2a</size>
         <input_file_ref idref="fl-2"/>
      </object_component>
      <object_component id="oc-4b6">
         <name>.text:mpu6050_read_word</name>
         <load_address>0x13d44</load_address>
         <run_address>0x13d44</run_address>
         <size>0x2a</size>
         <input_file_ref idref="fl-4"/>
      </object_component>
      <object_component id="oc-533">
         <name>.text:pulse_enable</name>
         <load_address>0x13d6e</load_address>
         <run_address>0x13d6e</run_address>
         <size>0x2a</size>
         <input_file_ref idref="fl-2"/>
      </object_component>
      <object_component id="oc-73b">
         <name>.text:__mspabi_fixdi</name>
         <load_address>0x13d98</load_address>
         <run_address>0x13d98</run_address>
         <size>0x28</size>
         <input_file_ref idref="fl-63"/>
      </object_component>
      <object_component id="oc-601">
         <name>.text:memccpy</name>
         <load_address>0x13dc0</load_address>
         <run_address>0x13dc0</run_address>
         <size>0x26</size>
         <input_file_ref idref="fl-6e"/>
      </object_component>
      <object_component id="oc-7a4">
         <name>.text</name>
         <load_address>0x13de6</load_address>
         <run_address>0x13de6</run_address>
         <size>0x24</size>
         <input_file_ref idref="fl-43"/>
      </object_component>
      <object_component id="oc-41c">
         <name>.text:uart_init</name>
         <load_address>0x13e0a</load_address>
         <run_address>0x13e0a</run_address>
         <size>0x24</size>
         <input_file_ref idref="fl-5"/>
      </object_component>
      <object_component id="oc-4d9">
         <name>.text:_outc</name>
         <load_address>0x13e2e</load_address>
         <run_address>0x13e2e</run_address>
         <size>0x20</size>
         <input_file_ref idref="fl-26"/>
      </object_component>
      <object_component id="oc-769">
         <name>.text:strchr</name>
         <load_address>0x13e4e</load_address>
         <run_address>0x13e4e</run_address>
         <size>0x1c</size>
         <input_file_ref idref="fl-70"/>
      </object_component>
      <object_component id="oc-441">
         <name>.text:lcd_set_cursor</name>
         <load_address>0x13e6a</load_address>
         <run_address>0x13e6a</run_address>
         <size>0x18</size>
         <input_file_ref idref="fl-2"/>
      </object_component>
      <object_component id="oc-58d">
         <name>.text</name>
         <load_address>0x13e82</load_address>
         <run_address>0x13e82</run_address>
         <size>0x18</size>
         <input_file_ref idref="fl-41"/>
      </object_component>
      <object_component id="oc-42f">
         <name>.text:uart_send_string</name>
         <load_address>0x13e9a</load_address>
         <run_address>0x13e9a</run_address>
         <size>0x18</size>
         <input_file_ref idref="fl-5"/>
      </object_component>
      <object_component id="oc-416">
         <name>.text:lcd_clear</name>
         <load_address>0x13eb2</load_address>
         <run_address>0x13eb2</run_address>
         <size>0x16</size>
         <input_file_ref idref="fl-2"/>
      </object_component>
      <object_component id="oc-5f4">
         <name>.text:memset</name>
         <load_address>0x13ec8</load_address>
         <run_address>0x13ec8</run_address>
         <size>0x16</size>
         <input_file_ref idref="fl-6f"/>
      </object_component>
      <object_component id="oc-63d">
         <name>.text</name>
         <load_address>0x13ede</load_address>
         <run_address>0x13ede</run_address>
         <size>0x16</size>
         <input_file_ref idref="fl-5a"/>
      </object_component>
      <object_component id="oc-61f">
         <name>.text:wcslen</name>
         <load_address>0x13ef4</load_address>
         <run_address>0x13ef4</run_address>
         <size>0x16</size>
         <input_file_ref idref="fl-58"/>
      </object_component>
      <object_component id="oc-37a">
         <name>.text:memcpy</name>
         <load_address>0x13f0a</load_address>
         <run_address>0x13f0a</run_address>
         <size>0x14</size>
         <input_file_ref idref="fl-53"/>
      </object_component>
      <object_component id="oc-73">
         <name>.text:decompress:none:__TI_decompress_none</name>
         <load_address>0x13f1e</load_address>
         <run_address>0x13f1e</run_address>
         <size>0x12</size>
         <input_file_ref idref="fl-4d"/>
      </object_component>
      <object_component id="oc-453">
         <name>.text:lcd_print</name>
         <load_address>0x13f30</load_address>
         <run_address>0x13f30</run_address>
         <size>0x12</size>
         <input_file_ref idref="fl-2"/>
      </object_component>
      <object_component id="oc-672">
         <name>.text:toupper</name>
         <load_address>0x13f42</load_address>
         <run_address>0x13f42</run_address>
         <size>0x12</size>
         <input_file_ref idref="fl-72"/>
      </object_component>
      <object_component id="oc-718">
         <name>.text:l_lsr</name>
         <load_address>0x13f54</load_address>
         <run_address>0x13f54</run_address>
         <size>0x10</size>
         <input_file_ref idref="fl-77"/>
      </object_component>
      <object_component id="oc-59a">
         <name>.text:strlen</name>
         <load_address>0x13f64</load_address>
         <run_address>0x13f64</run_address>
         <size>0xe</size>
         <input_file_ref idref="fl-71"/>
      </object_component>
      <object_component id="oc-76f">
         <name>.text:__mspabi_fltid</name>
         <load_address>0x13f72</load_address>
         <run_address>0x13f72</run_address>
         <size>0xc</size>
         <input_file_ref idref="fl-65"/>
      </object_component>
      <object_component id="oc-742">
         <name>.text:abs</name>
         <load_address>0x13f7e</load_address>
         <run_address>0x13f7e</run_address>
         <size>0xa</size>
         <input_file_ref idref="fl-73"/>
      </object_component>
      <object_component id="oc-45b">
         <name>.text:abort</name>
         <load_address>0x13f88</load_address>
         <run_address>0x13f88</run_address>
         <size>0x6</size>
         <input_file_ref idref="fl-50"/>
      </object_component>
      <object_component id="oc-3e2">
         <name>.text:_system_pre_init</name>
         <load_address>0x13f8e</load_address>
         <run_address>0x13f8e</run_address>
         <size>0x4</size>
         <input_file_ref idref="fl-4b"/>
      </object_component>
      <object_component id="oc-512">
         <name>.text:_system_post_cinit</name>
         <load_address>0x13f92</load_address>
         <run_address>0x13f92</run_address>
         <size>0x2</size>
         <input_file_ref idref="fl-4c"/>
      </object_component>
      <object_component id="oc-39e">
         <name>.text:_isr:_c_int00_noargs</name>
         <load_address>0x4400</load_address>
         <run_address>0x4400</run_address>
         <size>0x1c</size>
         <input_file_ref idref="fl-46"/>
      </object_component>
      <object_component id="oc-387">
         <name>.text:_isr:__TI_ISR_TRAP</name>
         <load_address>0x441c</load_address>
         <run_address>0x441c</run_address>
         <size>0x8</size>
         <input_file_ref idref="fl-40"/>
      </object_component>
      <object_component id="oc-84c">
         <name>__TI_handler_table</name>
         <load_address>0x45ac</load_address>
         <run_address>0x45ac</run_address>
         <size>0x8</size>
      </object_component>
      <object_component id="oc-84e">
         <name>.cinit..data.load</name>
         <load_address>0x45b4</load_address>
         <run_address>0x45b4</run_address>
         <size>0x6</size>
      </object_component>
      <object_component id="oc-84d">
         <name>__TI_cinit_table</name>
         <load_address>0x45ba</load_address>
         <run_address>0x45ba</run_address>
         <size>0x8</size>
      </object_component>
      <object_component id="oc-64a">
         <name>.const:.string:_ctypes_</name>
         <load_address>0x4424</load_address>
         <run_address>0x4424</run_address>
         <size>0x101</size>
         <input_file_ref idref="fl-6d"/>
      </object_component>
      <object_component id="oc-42e">
         <name>.const:.string</name>
         <load_address>0x4526</load_address>
         <run_address>0x4526</run_address>
         <size>0x32</size>
         <input_file_ref idref="fl-3"/>
      </object_component>
      <object_component id="oc-4b3">
         <name>.const:.string</name>
         <load_address>0x4558</load_address>
         <run_address>0x4558</run_address>
         <size>0x2e</size>
         <input_file_ref idref="fl-4"/>
      </object_component>
      <object_component id="oc-5fa">
         <name>.const:.string</name>
         <load_address>0x4586</load_address>
         <run_address>0x4586</run_address>
         <size>0x26</size>
         <input_file_ref idref="fl-54"/>
      </object_component>
      <object_component id="oc-7dc">
         <name>.binit</name>
         <load_address>0x4400</load_address>
         <run_address>0x4400</run_address>
         <size>0x0</size>
      </object_component>
      <object_component id="oc-79">
         <name>.int41</name>
         <load_address>0xffd2</load_address>
         <run_address>0xffd2</run_address>
         <size>0x2</size>
         <input_file_ref idref="fl-2a"/>
      </object_component>
      <object_component id="oc-7a">
         <name>.int42</name>
         <load_address>0xffd4</load_address>
         <run_address>0xffd4</run_address>
         <size>0x2</size>
         <input_file_ref idref="fl-2b"/>
      </object_component>
      <object_component id="oc-7b">
         <name>.int43</name>
         <load_address>0xffd6</load_address>
         <run_address>0xffd6</run_address>
         <size>0x2</size>
         <input_file_ref idref="fl-2c"/>
      </object_component>
      <object_component id="oc-7c">
         <name>.int44</name>
         <load_address>0xffd8</load_address>
         <run_address>0xffd8</run_address>
         <size>0x2</size>
         <input_file_ref idref="fl-2d"/>
      </object_component>
      <object_component id="oc-7d">
         <name>.int45</name>
         <load_address>0xffda</load_address>
         <run_address>0xffda</run_address>
         <size>0x2</size>
         <input_file_ref idref="fl-2e"/>
      </object_component>
      <object_component id="oc-7e">
         <name>.int46</name>
         <load_address>0xffdc</load_address>
         <run_address>0xffdc</run_address>
         <size>0x2</size>
         <input_file_ref idref="fl-2f"/>
      </object_component>
      <object_component id="oc-7f">
         <name>.int47</name>
         <load_address>0xffde</load_address>
         <run_address>0xffde</run_address>
         <size>0x2</size>
         <input_file_ref idref="fl-30"/>
      </object_component>
      <object_component id="oc-80">
         <name>.int48</name>
         <load_address>0xffe0</load_address>
         <run_address>0xffe0</run_address>
         <size>0x2</size>
         <input_file_ref idref="fl-31"/>
      </object_component>
      <object_component id="oc-81">
         <name>.int49</name>
         <load_address>0xffe2</load_address>
         <run_address>0xffe2</run_address>
         <size>0x2</size>
         <input_file_ref idref="fl-32"/>
      </object_component>
      <object_component id="oc-82">
         <name>.int50</name>
         <load_address>0xffe4</load_address>
         <run_address>0xffe4</run_address>
         <size>0x2</size>
         <input_file_ref idref="fl-33"/>
      </object_component>
      <object_component id="oc-83">
         <name>.int51</name>
         <load_address>0xffe6</load_address>
         <run_address>0xffe6</run_address>
         <size>0x2</size>
         <input_file_ref idref="fl-34"/>
      </object_component>
      <object_component id="oc-84">
         <name>.int52</name>
         <load_address>0xffe8</load_address>
         <run_address>0xffe8</run_address>
         <size>0x2</size>
         <input_file_ref idref="fl-35"/>
      </object_component>
      <object_component id="oc-85">
         <name>.int53</name>
         <load_address>0xffea</load_address>
         <run_address>0xffea</run_address>
         <size>0x2</size>
         <input_file_ref idref="fl-36"/>
      </object_component>
      <object_component id="oc-86">
         <name>.int54</name>
         <load_address>0xffec</load_address>
         <run_address>0xffec</run_address>
         <size>0x2</size>
         <input_file_ref idref="fl-37"/>
      </object_component>
      <object_component id="oc-87">
         <name>.int55</name>
         <load_address>0xffee</load_address>
         <run_address>0xffee</run_address>
         <size>0x2</size>
         <input_file_ref idref="fl-38"/>
      </object_component>
      <object_component id="oc-88">
         <name>.int56</name>
         <load_address>0xfff0</load_address>
         <run_address>0xfff0</run_address>
         <size>0x2</size>
         <input_file_ref idref="fl-39"/>
      </object_component>
      <object_component id="oc-89">
         <name>.int57</name>
         <load_address>0xfff2</load_address>
         <run_address>0xfff2</run_address>
         <size>0x2</size>
         <input_file_ref idref="fl-3a"/>
      </object_component>
      <object_component id="oc-8a">
         <name>.int58</name>
         <load_address>0xfff4</load_address>
         <run_address>0xfff4</run_address>
         <size>0x2</size>
         <input_file_ref idref="fl-3b"/>
      </object_component>
      <object_component id="oc-8b">
         <name>.int59</name>
         <load_address>0xfff6</load_address>
         <run_address>0xfff6</run_address>
         <size>0x2</size>
         <input_file_ref idref="fl-3c"/>
      </object_component>
      <object_component id="oc-8c">
         <name>.int60</name>
         <load_address>0xfff8</load_address>
         <run_address>0xfff8</run_address>
         <size>0x2</size>
         <input_file_ref idref="fl-3d"/>
      </object_component>
      <object_component id="oc-8d">
         <name>.int61</name>
         <load_address>0xfffa</load_address>
         <run_address>0xfffa</run_address>
         <size>0x2</size>
         <input_file_ref idref="fl-3e"/>
      </object_component>
      <object_component id="oc-8e">
         <name>.int62</name>
         <load_address>0xfffc</load_address>
         <run_address>0xfffc</run_address>
         <size>0x2</size>
         <input_file_ref idref="fl-3f"/>
      </object_component>
      <object_component id="oc-36e">
         <name>.reset</name>
         <load_address>0xfffe</load_address>
         <run_address>0xfffe</run_address>
         <size>0x2</size>
         <input_file_ref idref="fl-46"/>
      </object_component>
      <object_component id="oc-429">
         <name>.debug_info</name>
         <load_address>0x0</load_address>
         <run_address>0x0</run_address>
         <size>0x164</size>
         <input_file_ref idref="fl-1"/>
      </object_component>
      <object_component id="oc-4ae">
         <name>.debug_info</name>
         <load_address>0x164</load_address>
         <run_address>0x164</run_address>
         <size>0x144</size>
         <input_file_ref idref="fl-1"/>
      </object_component>
      <object_component id="oc-423">
         <name>.debug_info</name>
         <load_address>0x2a8</load_address>
         <run_address>0x2a8</run_address>
         <size>0xf6</size>
         <input_file_ref idref="fl-1"/>
      </object_component>
      <object_component id="oc-375">
         <name>.debug_info</name>
         <load_address>0x39e</load_address>
         <run_address>0x39e</run_address>
         <size>0x84</size>
         <input_file_ref idref="fl-1"/>
      </object_component>
      <object_component id="oc-4f3">
         <name>.debug_info</name>
         <load_address>0x422</load_address>
         <run_address>0x422</run_address>
         <size>0x1df</size>
         <input_file_ref idref="fl-2"/>
      </object_component>
      <object_component id="oc-534">
         <name>.debug_info</name>
         <load_address>0x601</load_address>
         <run_address>0x601</run_address>
         <size>0xfe</size>
         <input_file_ref idref="fl-2"/>
      </object_component>
      <object_component id="oc-49b">
         <name>.debug_info</name>
         <load_address>0x6ff</load_address>
         <run_address>0x6ff</run_address>
         <size>0x141</size>
         <input_file_ref idref="fl-2"/>
      </object_component>
      <object_component id="oc-4a1">
         <name>.debug_info</name>
         <load_address>0x840</load_address>
         <run_address>0x840</run_address>
         <size>0x146</size>
         <input_file_ref idref="fl-2"/>
      </object_component>
      <object_component id="oc-442">
         <name>.debug_info</name>
         <load_address>0x986</load_address>
         <run_address>0x986</run_address>
         <size>0x150</size>
         <input_file_ref idref="fl-2"/>
      </object_component>
      <object_component id="oc-4ed">
         <name>.debug_info</name>
         <load_address>0xad6</load_address>
         <run_address>0xad6</run_address>
         <size>0x144</size>
         <input_file_ref idref="fl-2"/>
      </object_component>
      <object_component id="oc-454">
         <name>.debug_info</name>
         <load_address>0xc1a</load_address>
         <run_address>0xc1a</run_address>
         <size>0x125</size>
         <input_file_ref idref="fl-2"/>
      </object_component>
      <object_component id="oc-411">
         <name>.debug_info</name>
         <load_address>0xd3f</load_address>
         <run_address>0xd3f</run_address>
         <size>0x196</size>
         <input_file_ref idref="fl-2"/>
      </object_component>
      <object_component id="oc-417">
         <name>.debug_info</name>
         <load_address>0xed5</load_address>
         <run_address>0xed5</run_address>
         <size>0x10a</size>
         <input_file_ref idref="fl-2"/>
      </object_component>
      <object_component id="oc-3d2">
         <name>.debug_info</name>
         <load_address>0xfdf</load_address>
         <run_address>0xfdf</run_address>
         <size>0x2c</size>
         <input_file_ref idref="fl-2"/>
      </object_component>
      <object_component id="oc-562">
         <name>.debug_info</name>
         <load_address>0x100b</load_address>
         <run_address>0x100b</run_address>
         <size>0x35</size>
         <input_file_ref idref="fl-2"/>
      </object_component>
      <object_component id="oc-45a">
         <name>.debug_info</name>
         <load_address>0x1040</load_address>
         <run_address>0x1040</run_address>
         <size>0x352</size>
         <input_file_ref idref="fl-3"/>
      </object_component>
      <object_component id="oc-3e9">
         <name>.debug_info</name>
         <load_address>0x1392</load_address>
         <run_address>0x1392</run_address>
         <size>0x281</size>
         <input_file_ref idref="fl-3"/>
      </object_component>
      <object_component id="oc-4f6">
         <name>.debug_info</name>
         <load_address>0x1613</load_address>
         <run_address>0x1613</run_address>
         <size>0x26b</size>
         <input_file_ref idref="fl-3"/>
      </object_component>
      <object_component id="oc-567">
         <name>.debug_info</name>
         <load_address>0x187e</load_address>
         <run_address>0x187e</run_address>
         <size>0x282</size>
         <input_file_ref idref="fl-3"/>
      </object_component>
      <object_component id="oc-4fb">
         <name>.debug_info</name>
         <load_address>0x1b00</load_address>
         <run_address>0x1b00</run_address>
         <size>0xd9</size>
         <input_file_ref idref="fl-3"/>
      </object_component>
      <object_component id="oc-55a">
         <name>.debug_info</name>
         <load_address>0x1bd9</load_address>
         <run_address>0x1bd9</run_address>
         <size>0x2c</size>
         <input_file_ref idref="fl-3"/>
      </object_component>
      <object_component id="oc-4b5">
         <name>.debug_info</name>
         <load_address>0x1c05</load_address>
         <run_address>0x1c05</run_address>
         <size>0x200</size>
         <input_file_ref idref="fl-4"/>
      </object_component>
      <object_component id="oc-4b7">
         <name>.debug_info</name>
         <load_address>0x1e05</load_address>
         <run_address>0x1e05</run_address>
         <size>0x192</size>
         <input_file_ref idref="fl-4"/>
      </object_component>
      <object_component id="oc-43c">
         <name>.debug_info</name>
         <load_address>0x1f97</load_address>
         <run_address>0x1f97</run_address>
         <size>0x266</size>
         <input_file_ref idref="fl-4"/>
      </object_component>
      <object_component id="oc-436">
         <name>.debug_info</name>
         <load_address>0x21fd</load_address>
         <run_address>0x21fd</run_address>
         <size>0x1aa</size>
         <input_file_ref idref="fl-4"/>
      </object_component>
      <object_component id="oc-4ac">
         <name>.debug_info</name>
         <load_address>0x23a7</load_address>
         <run_address>0x23a7</run_address>
         <size>0x27c</size>
         <input_file_ref idref="fl-5"/>
      </object_component>
      <object_component id="oc-430">
         <name>.debug_info</name>
         <load_address>0x2623</load_address>
         <run_address>0x2623</run_address>
         <size>0x11f</size>
         <input_file_ref idref="fl-5"/>
      </object_component>
      <object_component id="oc-41d">
         <name>.debug_info</name>
         <load_address>0x2742</load_address>
         <run_address>0x2742</run_address>
         <size>0xfb</size>
         <input_file_ref idref="fl-5"/>
      </object_component>
      <object_component id="oc-4e1">
         <name>.debug_info</name>
         <load_address>0x283d</load_address>
         <run_address>0x283d</run_address>
         <size>0x230</size>
         <input_file_ref idref="fl-26"/>
      </object_component>
      <object_component id="oc-44e">
         <name>.debug_info</name>
         <load_address>0x2a6d</load_address>
         <run_address>0x2a6d</run_address>
         <size>0x1df</size>
         <input_file_ref idref="fl-26"/>
      </object_component>
      <object_component id="oc-4d4">
         <name>.debug_info</name>
         <load_address>0x2c4c</load_address>
         <run_address>0x2c4c</run_address>
         <size>0x1c3</size>
         <input_file_ref idref="fl-26"/>
      </object_component>
      <object_component id="oc-4da">
         <name>.debug_info</name>
         <load_address>0x2e0f</load_address>
         <run_address>0x2e0f</run_address>
         <size>0x176</size>
         <input_file_ref idref="fl-26"/>
      </object_component>
      <object_component id="oc-4e2">
         <name>.debug_info</name>
         <load_address>0x2f85</load_address>
         <run_address>0x2f85</run_address>
         <size>0x2c</size>
         <input_file_ref idref="fl-26"/>
      </object_component>
      <object_component id="oc-4e7">
         <name>.debug_info</name>
         <load_address>0x2fb1</load_address>
         <run_address>0x2fb1</run_address>
         <size>0x69</size>
         <input_file_ref idref="fl-26"/>
      </object_component>
      <object_component id="oc-4be">
         <name>.debug_info</name>
         <load_address>0x301a</load_address>
         <run_address>0x301a</run_address>
         <size>0x12a</size>
         <input_file_ref idref="fl-28"/>
      </object_component>
      <object_component id="oc-4c2">
         <name>.debug_info</name>
         <load_address>0x3144</load_address>
         <run_address>0x3144</run_address>
         <size>0x121</size>
         <input_file_ref idref="fl-29"/>
      </object_component>
      <object_component id="oc-388">
         <name>.debug_info</name>
         <load_address>0x3265</load_address>
         <run_address>0x3265</run_address>
         <size>0x10f</size>
         <input_file_ref idref="fl-40"/>
      </object_component>
      <object_component id="oc-58e">
         <name>.debug_info</name>
         <load_address>0x3374</load_address>
         <run_address>0x3374</run_address>
         <size>0x130</size>
         <input_file_ref idref="fl-41"/>
      </object_component>
      <object_component id="oc-7a5">
         <name>.debug_info</name>
         <load_address>0x34a4</load_address>
         <run_address>0x34a4</run_address>
         <size>0x130</size>
         <input_file_ref idref="fl-43"/>
      </object_component>
      <object_component id="oc-79d">
         <name>.debug_info</name>
         <load_address>0x35d4</load_address>
         <run_address>0x35d4</run_address>
         <size>0x136</size>
         <input_file_ref idref="fl-44"/>
      </object_component>
      <object_component id="oc-798">
         <name>.debug_info</name>
         <load_address>0x370a</load_address>
         <run_address>0x370a</run_address>
         <size>0x132</size>
         <input_file_ref idref="fl-45"/>
      </object_component>
      <object_component id="oc-36c">
         <name>.debug_info</name>
         <load_address>0x383c</load_address>
         <run_address>0x383c</run_address>
         <size>0x100</size>
         <input_file_ref idref="fl-46"/>
      </object_component>
      <object_component id="oc-39f">
         <name>.debug_info</name>
         <load_address>0x393c</load_address>
         <run_address>0x393c</run_address>
         <size>0x17a</size>
         <input_file_ref idref="fl-46"/>
      </object_component>
      <object_component id="oc-519">
         <name>.debug_info</name>
         <load_address>0x3ab6</load_address>
         <run_address>0x3ab6</run_address>
         <size>0x3fc</size>
         <input_file_ref idref="fl-47"/>
      </object_component>
      <object_component id="oc-480">
         <name>.debug_info</name>
         <load_address>0x3eb2</load_address>
         <run_address>0x3eb2</run_address>
         <size>0x230</size>
         <input_file_ref idref="fl-47"/>
      </object_component>
      <object_component id="oc-583">
         <name>.debug_info</name>
         <load_address>0x40e2</load_address>
         <run_address>0x40e2</run_address>
         <size>0x39</size>
         <input_file_ref idref="fl-47"/>
      </object_component>
      <object_component id="oc-594">
         <name>.debug_info</name>
         <load_address>0x411b</load_address>
         <run_address>0x411b</run_address>
         <size>0x2c</size>
         <input_file_ref idref="fl-47"/>
      </object_component>
      <object_component id="oc-524">
         <name>.debug_info</name>
         <load_address>0x4147</load_address>
         <run_address>0x4147</run_address>
         <size>0x2c</size>
         <input_file_ref idref="fl-47"/>
      </object_component>
      <object_component id="oc-588">
         <name>.debug_info</name>
         <load_address>0x4173</load_address>
         <run_address>0x4173</run_address>
         <size>0xcd</size>
         <input_file_ref idref="fl-47"/>
      </object_component>
      <object_component id="oc-3e3">
         <name>.debug_info</name>
         <load_address>0x4240</load_address>
         <run_address>0x4240</run_address>
         <size>0x153</size>
         <input_file_ref idref="fl-4b"/>
      </object_component>
      <object_component id="oc-513">
         <name>.debug_info</name>
         <load_address>0x4393</load_address>
         <run_address>0x4393</run_address>
         <size>0x150</size>
         <input_file_ref idref="fl-4c"/>
      </object_component>
      <object_component id="oc-386">
         <name>.debug_info</name>
         <load_address>0x44e3</load_address>
         <run_address>0x44e3</run_address>
         <size>0x18f</size>
         <input_file_ref idref="fl-4d"/>
      </object_component>
      <object_component id="oc-74">
         <name>.debug_info</name>
         <load_address>0x4672</load_address>
         <run_address>0x4672</run_address>
         <size>0x1d3</size>
         <input_file_ref idref="fl-4d"/>
      </object_component>
      <object_component id="oc-381">
         <name>.debug_info</name>
         <load_address>0x4845</load_address>
         <run_address>0x4845</run_address>
         <size>0x46</size>
         <input_file_ref idref="fl-4d"/>
      </object_component>
      <object_component id="oc-3cf">
         <name>.debug_info</name>
         <load_address>0x488b</load_address>
         <run_address>0x488b</run_address>
         <size>0x17b</size>
         <input_file_ref idref="fl-4e"/>
      </object_component>
      <object_component id="oc-6e">
         <name>.debug_info</name>
         <load_address>0x4a06</load_address>
         <run_address>0x4a06</run_address>
         <size>0x250</size>
         <input_file_ref idref="fl-4e"/>
      </object_component>
      <object_component id="oc-370">
         <name>.debug_info</name>
         <load_address>0x4c56</load_address>
         <run_address>0x4c56</run_address>
         <size>0x60</size>
         <input_file_ref idref="fl-4e"/>
      </object_component>
      <object_component id="oc-404">
         <name>.debug_info</name>
         <load_address>0x4cb6</load_address>
         <run_address>0x4cb6</run_address>
         <size>0x46</size>
         <input_file_ref idref="fl-4e"/>
      </object_component>
      <object_component id="oc-3ca">
         <name>.debug_info</name>
         <load_address>0x4cfc</load_address>
         <run_address>0x4cfc</run_address>
         <size>0x39</size>
         <input_file_ref idref="fl-4e"/>
      </object_component>
      <object_component id="oc-448">
         <name>.debug_info</name>
         <load_address>0x4d35</load_address>
         <run_address>0x4d35</run_address>
         <size>0x19c</size>
         <input_file_ref idref="fl-4f"/>
      </object_component>
      <object_component id="oc-4ce">
         <name>.debug_info</name>
         <load_address>0x4ed1</load_address>
         <run_address>0x4ed1</run_address>
         <size>0xdb</size>
         <input_file_ref idref="fl-4f"/>
      </object_component>
      <object_component id="oc-45c">
         <name>.debug_info</name>
         <load_address>0x4fac</load_address>
         <run_address>0x4fac</run_address>
         <size>0x122</size>
         <input_file_ref idref="fl-50"/>
      </object_component>
      <object_component id="oc-3d1">
         <name>.debug_info</name>
         <load_address>0x50ce</load_address>
         <run_address>0x50ce</run_address>
         <size>0x19a</size>
         <input_file_ref idref="fl-53"/>
      </object_component>
      <object_component id="oc-37b">
         <name>.debug_info</name>
         <load_address>0x5268</load_address>
         <run_address>0x5268</run_address>
         <size>0x17a</size>
         <input_file_ref idref="fl-53"/>
      </object_component>
      <object_component id="oc-5ad">
         <name>.debug_info</name>
         <load_address>0x53e2</load_address>
         <run_address>0x53e2</run_address>
         <size>0x49d</size>
         <input_file_ref idref="fl-54"/>
      </object_component>
      <object_component id="oc-5cd">
         <name>.debug_info</name>
         <load_address>0x587f</load_address>
         <run_address>0x587f</run_address>
         <size>0x25a</size>
         <input_file_ref idref="fl-54"/>
      </object_component>
      <object_component id="oc-666">
         <name>.debug_info</name>
         <load_address>0x5ad9</load_address>
         <run_address>0x5ad9</run_address>
         <size>0x1df</size>
         <input_file_ref idref="fl-54"/>
      </object_component>
      <object_component id="oc-66c">
         <name>.debug_info</name>
         <load_address>0x5cb8</load_address>
         <run_address>0x5cb8</run_address>
         <size>0x2c9</size>
         <input_file_ref idref="fl-54"/>
      </object_component>
      <object_component id="oc-62b">
         <name>.debug_info</name>
         <load_address>0x5f81</load_address>
         <run_address>0x5f81</run_address>
         <size>0x29c</size>
         <input_file_ref idref="fl-54"/>
      </object_component>
      <object_component id="oc-6cc">
         <name>.debug_info</name>
         <load_address>0x621d</load_address>
         <run_address>0x621d</run_address>
         <size>0x3e2</size>
         <input_file_ref idref="fl-54"/>
      </object_component>
      <object_component id="oc-6d2">
         <name>.debug_info</name>
         <load_address>0x65ff</load_address>
         <run_address>0x65ff</run_address>
         <size>0x1dc</size>
         <input_file_ref idref="fl-54"/>
      </object_component>
      <object_component id="oc-6d8">
         <name>.debug_info</name>
         <load_address>0x67db</load_address>
         <run_address>0x67db</run_address>
         <size>0x227</size>
         <input_file_ref idref="fl-54"/>
      </object_component>
      <object_component id="oc-67f">
         <name>.debug_info</name>
         <load_address>0x6a02</load_address>
         <run_address>0x6a02</run_address>
         <size>0x28a</size>
         <input_file_ref idref="fl-54"/>
      </object_component>
      <object_component id="oc-6df">
         <name>.debug_info</name>
         <load_address>0x6c8c</load_address>
         <run_address>0x6c8c</run_address>
         <size>0x3fe</size>
         <input_file_ref idref="fl-54"/>
      </object_component>
      <object_component id="oc-6e5">
         <name>.debug_info</name>
         <load_address>0x708a</load_address>
         <run_address>0x708a</run_address>
         <size>0x218</size>
         <input_file_ref idref="fl-54"/>
      </object_component>
      <object_component id="oc-685">
         <name>.debug_info</name>
         <load_address>0x72a2</load_address>
         <run_address>0x72a2</run_address>
         <size>0x24f</size>
         <input_file_ref idref="fl-54"/>
      </object_component>
      <object_component id="oc-68b">
         <name>.debug_info</name>
         <load_address>0x74f1</load_address>
         <run_address>0x74f1</run_address>
         <size>0x3a1</size>
         <input_file_ref idref="fl-54"/>
      </object_component>
      <object_component id="oc-6ff">
         <name>.debug_info</name>
         <load_address>0x7892</load_address>
         <run_address>0x7892</run_address>
         <size>0x3e6</size>
         <input_file_ref idref="fl-54"/>
      </object_component>
      <object_component id="oc-691">
         <name>.debug_info</name>
         <load_address>0x7c78</load_address>
         <run_address>0x7c78</run_address>
         <size>0x29d</size>
         <input_file_ref idref="fl-54"/>
      </object_component>
      <object_component id="oc-631">
         <name>.debug_info</name>
         <load_address>0x7f15</load_address>
         <run_address>0x7f15</run_address>
         <size>0x3a7</size>
         <input_file_ref idref="fl-54"/>
      </object_component>
      <object_component id="oc-5d3">
         <name>.debug_info</name>
         <load_address>0x82bc</load_address>
         <run_address>0x82bc</run_address>
         <size>0x33e</size>
         <input_file_ref idref="fl-54"/>
      </object_component>
      <object_component id="oc-5d9">
         <name>.debug_info</name>
         <load_address>0x85fa</load_address>
         <run_address>0x85fa</run_address>
         <size>0x293</size>
         <input_file_ref idref="fl-54"/>
      </object_component>
      <object_component id="oc-5df">
         <name>.debug_info</name>
         <load_address>0x888d</load_address>
         <run_address>0x888d</run_address>
         <size>0x296</size>
         <input_file_ref idref="fl-54"/>
      </object_component>
      <object_component id="oc-553">
         <name>.debug_info</name>
         <load_address>0x8b23</load_address>
         <run_address>0x8b23</run_address>
         <size>0x36d</size>
         <input_file_ref idref="fl-54"/>
      </object_component>
      <object_component id="oc-5ae">
         <name>.debug_info</name>
         <load_address>0x8e90</load_address>
         <run_address>0x8e90</run_address>
         <size>0x86</size>
         <input_file_ref idref="fl-54"/>
      </object_component>
      <object_component id="oc-643">
         <name>.debug_info</name>
         <load_address>0x8f16</load_address>
         <run_address>0x8f16</run_address>
         <size>0xa1</size>
         <input_file_ref idref="fl-54"/>
      </object_component>
      <object_component id="oc-60b">
         <name>.debug_info</name>
         <load_address>0x8fb7</load_address>
         <run_address>0x8fb7</run_address>
         <size>0x39</size>
         <input_file_ref idref="fl-54"/>
      </object_component>
      <object_component id="oc-70b">
         <name>.debug_info</name>
         <load_address>0x8ff0</load_address>
         <run_address>0x8ff0</run_address>
         <size>0x7a</size>
         <input_file_ref idref="fl-54"/>
      </object_component>
      <object_component id="oc-6a0">
         <name>.debug_info</name>
         <load_address>0x906a</load_address>
         <run_address>0x906a</run_address>
         <size>0x46</size>
         <input_file_ref idref="fl-54"/>
      </object_component>
      <object_component id="oc-75d">
         <name>.debug_info</name>
         <load_address>0x90b0</load_address>
         <run_address>0x90b0</run_address>
         <size>0x17c</size>
         <input_file_ref idref="fl-55"/>
      </object_component>
      <object_component id="oc-6fc">
         <name>.debug_info</name>
         <load_address>0x922c</load_address>
         <run_address>0x922c</run_address>
         <size>0x1c1</size>
         <input_file_ref idref="fl-55"/>
      </object_component>
      <object_component id="oc-7af">
         <name>.debug_info</name>
         <load_address>0x93ed</load_address>
         <run_address>0x93ed</run_address>
         <size>0x46</size>
         <input_file_ref idref="fl-55"/>
      </object_component>
      <object_component id="oc-75e">
         <name>.debug_info</name>
         <load_address>0x9433</load_address>
         <run_address>0x9433</run_address>
         <size>0x2c</size>
         <input_file_ref idref="fl-55"/>
      </object_component>
      <object_component id="oc-7bb">
         <name>.debug_info</name>
[...]
         <name>__TI_int42</name>
         <value>0xffd4</value>
         <object_component_ref idref="oc-7a"/>
      </symbol>
      <symbol id="sm-486">
         <name>__TI_int43</name>
         <value>0xffd6</value>
         <object_component_ref idref="oc-7b"/>
      </symbol>
      <symbol id="sm-489">
         <name>__TI_int44</name>
         <value>0xffd8</value>
         <object_component_ref idref="oc-7c"/>
      </symbol>
      <symbol id="sm-48c">
         <name>__TI_int45</name>
         <value>0xffda</value>
         <object_component_ref idref="oc-7d"/>
      </symbol>
      <symbol id="sm-48f">
         <name>__TI_int46</name>
         <value>0xffdc</value>
         <object_component_ref idref="oc-7e"/>
      </symbol>
      <symbol id="sm-492">
         <name>__TI_int47</name>
         <value>0xffde</value>
         <object_component_ref idref="oc-7f"/>
      </symbol>
      <symbol id="sm-495">
         <name>__TI_int48</name>
         <value>0xffe0</value>
         <object_component_ref idref="oc-80"/>
      </symbol>
      <symbol id="sm-498">
         <name>__TI_int49</name>
         <value>0xffe2</value>
         <object_component_ref idref="oc-81"/>
      </symbol>
      <symbol id="sm-49b">
         <name>__TI_int50</name>
         <value>0xffe4</value>
         <object_component_ref idref="oc-82"/>
      </symbol>
      <symbol id="sm-49e">
         <name>__TI_int51</name>
         <value>0xffe6</value>
         <object_component_ref idref="oc-83"/>
      </symbol>
      <symbol id="sm-4a1">
         <name>__TI_int52</name>
         <value>0xffe8</value>
         <object_component_ref idref="oc-84"/>
      </symbol>
      <symbol id="sm-4a4">
         <name>__TI_int53</name>
         <value>0xffea</value>
         <object_component_ref idref="oc-85"/>
      </symbol>
      <symbol id="sm-4a7">
         <name>__TI_int54</name>
         <value>0xffec</value>
         <object_component_ref idref="oc-86"/>
      </symbol>
      <symbol id="sm-4aa">
         <name>__TI_int55</name>
         <value>0xffee</value>
         <object_component_ref idref="oc-87"/>
      </symbol>
      <symbol id="sm-4ad">
         <name>__TI_int56</name>
         <value>0xfff0</value>
         <object_component_ref idref="oc-88"/>
      </symbol>
      <symbol id="sm-4b0">
         <name>__TI_int57</name>
         <value>0xfff2</value>
         <object_component_ref idref="oc-89"/>
      </symbol>
      <symbol id="sm-4b3">
         <name>__TI_int58</name>
         <value>0xfff4</value>
         <object_component_ref idref="oc-8a"/>
      </symbol>
      <symbol id="sm-4b6">
         <name>__TI_int59</name>
         <value>0xfff6</value>
         <object_component_ref idref="oc-8b"/>
      </symbol>
      <symbol id="sm-4b9">
         <name>__TI_int60</name>
         <value>0xfff8</value>
         <object_component_ref idref="oc-8c"/>
      </symbol>
      <symbol id="sm-4bc">
         <name>__TI_int61</name>
         <value>0xfffa</value>
         <object_component_ref idref="oc-8d"/>
      </symbol>
      <symbol id="sm-4bf">
         <name>__TI_int62</name>
         <value>0xfffc</value>
         <object_component_ref idref="oc-8e"/>
      </symbol>
      <symbol id="sm-4c7">
         <name>__TI_ISR_TRAP</name>
         <value>0x441c</value>
         <object_component_ref idref="oc-387"/>
      </symbol>
      <symbol id="sm-4cf">
         <name>__mspabi_mpyi_f5hw</name>
         <value>0x13e82</value>
         <object_component_ref idref="oc-58d"/>
      </symbol>
      <symbol id="sm-4d8">
         <name>__mspabi_mpyl_f5hw</name>
         <value>0x13de6</value>
         <object_component_ref idref="oc-7a4"/>
      </symbol>
      <symbol id="sm-4e0">
         <name>__mspabi_mpyull_f5hw</name>
         <value>0x13cc4</value>
         <object_component_ref idref="oc-79c"/>
      </symbol>
      <symbol id="sm-4e8">
         <name>__mspabi_mpyll_f5hw</name>
         <value>0x137e4</value>
         <object_component_ref idref="oc-797"/>
      </symbol>
      <symbol id="sm-4f8">
         <name>_stack</name>
         <value>0x4360</value>
         <object_component_ref idref="oc-36b"/>
      </symbol>
      <symbol id="sm-4f9">
         <name>_c_int00_noargs</name>
         <value>0x4400</value>
         <object_component_ref idref="oc-39e"/>
      </symbol>
      <symbol id="sm-4fa">
         <name>_reset_vector</name>
         <value>0xfffe</value>
         <object_component_ref idref="oc-36e"/>
      </symbol>
      <symbol id="sm-51d">
         <name>__TI_auto_init_nobinit_nopinit_hold_wdt</name>
         <value>0x13898</value>
         <object_component_ref idref="oc-47f"/>
      </symbol>
      <symbol id="sm-529">
         <name>_system_pre_init</name>
         <value>0x13f8e</value>
         <object_component_ref idref="oc-3e2"/>
      </symbol>
      <symbol id="sm-532">
         <name>_system_post_cinit</name>
         <value>0x13f92</value>
         <object_component_ref idref="oc-512"/>
      </symbol>
      <symbol id="sm-543">
         <name>__TI_decompress_none</name>
         <value>0x13f1e</value>
         <object_component_ref idref="oc-73"/>
      </symbol>
      <symbol id="sm-566">
         <name>__TI_decompress_lzss</name>
         <value>0x13508</value>
         <object_component_ref idref="oc-6d"/>
      </symbol>
      <symbol id="sm-579">
         <name>__mspabi_cvtfd</name>
         <value>0x136bc</value>
         <object_component_ref idref="oc-447"/>
      </symbol>
      <symbol id="sm-583">
         <name>C$$EXIT</name>
         <value>0x13f88</value>
         <object_component_ref idref="oc-45b"/>
      </symbol>
      <symbol id="sm-584">
         <name>abort</name>
         <value>0x13f88</value>
         <object_component_ref idref="oc-45b"/>
      </symbol>
      <symbol id="sm-594">
         <name>memcpy</name>
         <value>0x13f0a</value>
         <object_component_ref idref="oc-37a"/>
      </symbol>
      <symbol id="sm-763">
         <name>__TI_printfi</name>
         <value>0x10ee0</value>
         <object_component_ref idref="oc-552"/>
      </symbol>
      <symbol id="sm-77f">
         <name>frexpl</name>
         <value>0x1310e</value>
         <object_component_ref idref="oc-6f8"/>
      </symbol>
      <symbol id="sm-780">
         <name>frexp</name>
         <value>0x1310e</value>
         <object_component_ref idref="oc-6f8"/>
      </symbol>
      <symbol id="sm-799">
         <name>scalbn</name>
         <value>0x12764</value>
         <object_component_ref idref="oc-763"/>
      </symbol>
      <symbol id="sm-79a">
         <name>scalbnl</name>
         <value>0x12764</value>
         <object_component_ref idref="oc-763"/>
      </symbol>
      <symbol id="sm-79b">
         <name>ldexpl</name>
         <value>0x12764</value>
         <object_component_ref idref="oc-763"/>
      </symbol>
      <symbol id="sm-79c">
         <name>ldexp</name>
         <value>0x12764</value>
         <object_component_ref idref="oc-763"/>
      </symbol>
      <symbol id="sm-7a5">
         <name>copysign</name>
         <value>0x13c96</value>
         <object_component_ref idref="oc-7b4"/>
      </symbol>
      <symbol id="sm-7a6">
         <name>copysignl</name>
         <value>0x13c96</value>
         <object_component_ref idref="oc-7b4"/>
      </symbol>
      <symbol id="sm-7be">
         <name>wcslen</name>
         <value>0x13ef4</value>
         <object_component_ref idref="oc-61f"/>
      </symbol>
      <symbol id="sm-7c6">
         <name>__mspabi_sral_15</name>
         <value>0x139fc</value>
         <object_component_ref idref="oc-4c8"/>
      </symbol>
      <symbol id="sm-7c7">
         <name>__mspabi_sral_14</name>
         <value>0x13a00</value>
         <object_component_ref idref="oc-4c8"/>
      </symbol>
      <symbol id="sm-7c8">
         <name>__mspabi_sral_13</name>
         <value>0x13a04</value>
         <object_component_ref idref="oc-4c8"/>
      </symbol>
      <symbol id="sm-7c9">
         <name>__mspabi_sral_12</name>
         <value>0x13a08</value>
         <object_component_ref idref="oc-4c8"/>
      </symbol>
      <symbol id="sm-7ca">
         <name>__mspabi_sral_11</name>
         <value>0x13a0c</value>
         <object_component_ref idref="oc-4c8"/>
      </symbol>
      <symbol id="sm-7cb">
         <name>__mspabi_sral_10</name>
         <value>0x13a10</value>
         <object_component_ref idref="oc-4c8"/>
      </symbol>
      <symbol id="sm-7cc">
         <name>__mspabi_sral_8</name>
         <value>0x13a18</value>
         <object_component_ref idref="oc-4c8"/>
      </symbol>
      <symbol id="sm-7cd">
         <name>__mspabi_sral_9</name>
         <value>0x13a14</value>
         <object_component_ref idref="oc-4c8"/>
      </symbol>
      <symbol id="sm-7ce">
         <name>__mspabi_sral_6</name>
         <value>0x13a20</value>
         <object_component_ref idref="oc-4c8"/>
      </symbol>
      <symbol id="sm-7cf">
         <name>__mspabi_sral_7</name>
         <value>0x13a1c</value>
         <object_component_ref idref="oc-4c8"/>
      </symbol>
      <symbol id="sm-7d0">
         <name>__mspabi_sral_4</name>
         <value>0x13a28</value>
         <object_component_ref idref="oc-4c8"/>
      </symbol>
      <symbol id="sm-7d1">
         <name>__mspabi_sral_5</name>
         <value>0x13a24</value>
         <object_component_ref idref="oc-4c8"/>
      </symbol>
      <symbol id="sm-7d2">
         <name>__mspabi_sral_2</name>
         <value>0x13a30</value>
         <object_component_ref idref="oc-4c8"/>
      </symbol>
      <symbol id="sm-7d3">
         <name>__mspabi_sral_3</name>
         <value>0x13a2c</value>
         <object_component_ref idref="oc-4c8"/>
      </symbol>
      <symbol id="sm-7d4">
         <name>__mspabi_sral_1</name>
         <value>0x13a34</value>
         <object_component_ref idref="oc-4c8"/>
      </symbol>
      <symbol id="sm-7de">
         <name>__mspabi_remu</name>
         <value>0x13ede</value>
         <object_component_ref idref="oc-63d"/>
      </symbol>
      <symbol id="sm-7df">
         <name>__mspabi_divu</name>
         <value>0x13ede</value>
         <object_component_ref idref="oc-63d"/>
      </symbol>
      <symbol id="sm-7ed">
         <name>__mspabi_remul</name>
         <value>0x13840</value>
         <object_component_ref idref="oc-6b3"/>
      </symbol>
      <symbol id="sm-7ee">
         <name>__mspabi_divul</name>
         <value>0x13840</value>
         <object_component_ref idref="oc-6b3"/>
      </symbol>
      <symbol id="sm-7fd">
         <name>__mspabi_srlll</name>
         <value>0x13af0</value>
         <object_component_ref idref="oc-6b8"/>
      </symbol>
      <symbol id="sm-830">
         <name>__mspabi_divull</name>
         <value>0x10b92</value>
         <object_component_ref idref="oc-6ad"/>
      </symbol>
      <symbol id="sm-86a">
         <name>__mspabi_addd</name>
         <value>0x10000</value>
         <object_component_ref idref="oc-78e"/>
      </symbol>
      <symbol id="sm-889">
         <name>__mspabi_cmpd</name>
         <value>0x12e10</value>
         <object_component_ref idref="oc-696"/>
      </symbol>
      <symbol id="sm-8aa">
         <name>__mspabi_divd</name>
         <value>0x11b1e</value>
         <object_component_ref idref="oc-6f1"/>
      </symbol>
      <symbol id="sm-8b7">
         <name>__mspabi_fixdi</name>
         <value>0x13d98</value>
         <object_component_ref idref="oc-73b"/>
      </symbol>
      <symbol id="sm-8c6">
         <name>__mspabi_fixdli</name>
         <value>0x135f0</value>
         <object_component_ref idref="oc-723"/>
      </symbol>
      <symbol id="sm-8cf">
         <name>__mspabi_fltid</name>
         <value>0x13f72</value>
         <object_component_ref idref="oc-76f"/>
      </symbol>
      <symbol id="sm-8e7">
         <name>__mspabi_fltlid</name>
         <value>0x131b4</value>
         <object_component_ref idref="oc-72f"/>
      </symbol>
      <symbol id="sm-902">
         <name>__TI_frcdivd</name>
         <value>0x1072a</value>
         <object_component_ref idref="oc-754"/>
      </symbol>
      <symbol id="sm-927">
         <name>__mspabi_mpyd</name>
         <value>0x11186</value>
         <object_component_ref idref="oc-6eb"/>
      </symbol>
      <symbol id="sm-930">
         <name>__mspabi_negd</name>
         <value>0x13c68</value>
         <object_component_ref idref="oc-678"/>
      </symbol>
      <symbol id="sm-939">
         <name>__mspabi_subd</name>
         <value>0x13c06</value>
         <object_component_ref idref="oc-735"/>
      </symbol>
      <symbol id="sm-948">
         <name>__TI_ltoa</name>
         <value>0x13410</value>
         <object_component_ref idref="oc-729"/>
      </symbol>
      <symbol id="sm-95b">
         <name>atoi</name>
         <value>0x13720</value>
         <object_component_ref idref="oc-610"/>
      </symbol>
      <symbol id="sm-965">
         <name>_ctypes_</name>
         <value>0x4424</value>
         <object_component_ref idref="oc-64a"/>
      </symbol>
      <symbol id="sm-974">
         <name>memccpy</name>
         <value>0x13dc0</value>
         <object_component_ref idref="oc-601"/>
      </symbol>
      <symbol id="sm-982">
         <name>memset</name>
         <value>0x13ec8</value>
         <object_component_ref idref="oc-5f4"/>
      </symbol>
      <symbol id="sm-991">
         <name>strchr</name>
         <value>0x13e4e</value>
         <object_component_ref idref="oc-769"/>
      </symbol>
      <symbol id="sm-99e">
         <name>strlen</name>
         <value>0x13f64</value>
         <object_component_ref idref="oc-59a"/>
      </symbol>
      <symbol id="sm-9ab">
         <name>toupper</name>
         <value>0x13f42</value>
         <object_component_ref idref="oc-672"/>
      </symbol>
      <symbol id="sm-9b5">
         <name>abs</name>
         <value>0x13f7e</value>
         <object_component_ref idref="oc-742"/>
      </symbol>
      <symbol id="sm-9bc">
         <name>errno</name>
         <value>0x2400</value>
         <object_component_ref idref="oc-625"/>
      </symbol>
      <symbol id="sm-9c8">
         <name>__mspabi_remli</name>
         <value>0x139bc</value>
         <object_component_ref idref="oc-780"/>
      </symbol>
      <symbol id="sm-9c9">
         <name>__mspabi_divli</name>
         <value>0x139bc</value>
         <object_component_ref idref="oc-780"/>
      </symbol>
      <symbol id="sm-9d1">
         <name>__mspabi_slll_9</name>
         <value>0x13a52</value>
         <object_component_ref idref="oc-77a"/>
      </symbol>
      <symbol id="sm-9d2">
         <name>__mspabi_slll_8</name>
         <value>0x13a56</value>
         <object_component_ref idref="oc-77a"/>
      </symbol>
      <symbol id="sm-9d3">
         <name>__mspabi_slll_7</name>
         <value>0x13a5a</value>
         <object_component_ref idref="oc-77a"/>
      </symbol>
      <symbol id="sm-9d4">
         <name>__mspabi_slll_6</name>
         <value>0x13a5e</value>
         <object_component_ref idref="oc-77a"/>
      </symbol>
      <symbol id="sm-9d5">
         <name>__mspabi_slll_5</name>
         <value>0x13a62</value>
         <object_component_ref idref="oc-77a"/>
      </symbol>
      <symbol id="sm-9d6">
         <name>__mspabi_slll_4</name>
         <value>0x13a66</value>
         <object_component_ref idref="oc-77a"/>
      </symbol>
      <symbol id="sm-9d7">
         <name>__mspabi_slll_3</name>
         <value>0x13a6a</value>
         <object_component_ref idref="oc-77a"/>
      </symbol>
      <symbol id="sm-9d8">
         <name>__mspabi_slll_2</name>
         <value>0x13a6e</value>
         <object_component_ref idref="oc-77a"/>
      </symbol>
      <symbol id="sm-9d9">
         <name>__mspabi_slll_1</name>
         <value>0x13a72</value>
         <object_component_ref idref="oc-77a"/>
      </symbol>
      <symbol id="sm-9da">
         <name>__mspabi_slll_15</name>
         <value>0x13a3a</value>
         <object_component_ref idref="oc-77a"/>
      </symbol>
      <symbol id="sm-9db">
         <name>__mspabi_slll_14</name>
         <value>0x13a3e</value>
         <object_component_ref idref="oc-77a"/>
      </symbol>
      <symbol id="sm-9dc">
         <name>__mspabi_slll_13</name>
         <value>0x13a42</value>
         <object_component_ref idref="oc-77a"/>
      </symbol>
      <symbol id="sm-9dd">
         <name>__mspabi_slll_12</name>
         <value>0x13a46</value>
         <object_component_ref idref="oc-77a"/>
      </symbol>
      <symbol id="sm-9de">
         <name>__mspabi_slll_11</name>
         <value>0x13a4a</value>
         <object_component_ref idref="oc-77a"/>
      </symbol>
      <symbol id="sm-9df">
         <name>__mspabi_slll_10</name>
         <value>0x13a4e</value>
         <object_component_ref idref="oc-77a"/>
      </symbol>
      <symbol id="sm-9ef">
         <name>__mspabi_srll_8</name>
         <value>0x13a94</value>
         <object_component_ref idref="oc-787"/>
      </symbol>
      <symbol id="sm-9f0">
         <name>__mspabi_srll_9</name>
         <value>0x13a90</value>
         <object_component_ref idref="oc-787"/>
      </symbol>
      <symbol id="sm-9f1">
         <name>__mspabi_srll_6</name>
         <value>0x13a9c</value>
         <object_component_ref idref="oc-787"/>
      </symbol>
      <symbol id="sm-9f2">
         <name>__mspabi_srll_7</name>
         <value>0x13a98</value>
         <object_component_ref idref="oc-787"/>
      </symbol>
      <symbol id="sm-9f3">
         <name>__mspabi_srll_4</name>
         <value>0x13aa4</value>
         <object_component_ref idref="oc-787"/>
      </symbol>
      <symbol id="sm-9f4">
         <name>__mspabi_srll_5</name>
         <value>0x13aa0</value>
         <object_component_ref idref="oc-787"/>
      </symbol>
      <symbol id="sm-9f5">
         <name>__mspabi_srll_2</name>
         <value>0x13aac</value>
         <object_component_ref idref="oc-787"/>
      </symbol>
      <symbol id="sm-9f6">
         <name>__mspabi_srll_3</name>
         <value>0x13aa8</value>
         <object_component_ref idref="oc-787"/>
      </symbol>
      <symbol id="sm-9f7">
         <name>__mspabi_srll_1</name>
         <value>0x13ab0</value>
         <object_component_ref idref="oc-787"/>
      </symbol>
      <symbol id="sm-9f8">
         <name>__mspabi_srll_15</name>
         <value>0x13a78</value>
         <object_component_ref idref="oc-787"/>
      </symbol>
      <symbol id="sm-9f9">
         <name>__mspabi_srll_14</name>
         <value>0x13a7c</value>
         <object_component_ref idref="oc-787"/>
      </symbol>
      <symbol id="sm-9fa">
         <name>__mspabi_srll_13</name>
         <value>0x13a80</value>
         <object_component_ref idref="oc-787"/>
      </symbol>
      <symbol id="sm-9fb">
         <name>__mspabi_srll_12</name>
         <value>0x13a84</value>
         <object_component_ref idref="oc-787"/>
      </symbol>
      <symbol id="sm-9fc">
         <name>__mspabi_srll_11</name>
         <value>0x13a88</value>
         <object_component_ref idref="oc-787"/>
      </symbol>
      <symbol id="sm-9fd">
         <name>__mspabi_srll_10</name>
         <value>0x13a8c</value>
         <object_component_ref idref="oc-787"/>
      </symbol>
      <symbol id="sm-9fe">
         <name>__mspabi_srll</name>
         <value>0x13f54</value>
         <object_component_ref idref="oc-718"/>
      </symbol>
      <symbol id="sm-a0c">
         <name>__mspabi_srall</name>
         <value>0x1397c</value>
         <object_component_ref idref="oc-7c6"/>
      </symbol>
      <symbol id="sm-a19">
         <name>__mspabi_sllll</name>
         <value>0x13ab6</value>
         <object_component_ref idref="oc-712"/>
      </symbol>
      <symbol id="sm-a24">
         <name>__TI_frcmpyd</name>
         <value>0x12600</value>
         <object_component_ref idref="oc-74c"/>
      </symbol>
   </symbol_table>
   <title>Link successful</title>
</link_info>
